DEBUG - 2025-04-09 01:35:47 --> Session: Class initialized using 'CodeIgniter\Session\Handlers\FileHandler' driver.
DEBUG - 2025-04-09 01:35:47 --> Session: Class initialized using 'CodeIgniter\Session\Handlers\FileHandler' driver.
DEBUG - 2025-04-09 01:35:50 --> Session: Class initialized using 'CodeIgniter\Session\Handlers\FileHandler' driver.
DEBUG - 2025-04-09 01:35:50 --> Session: Class initialized using 'CodeIgniter\Session\Handlers\FileHandler' driver.
DEBUG - 2025-04-09 01:35:52 --> Session: Class initialized using 'CodeIgniter\Session\Handlers\FileHandler' driver.
DEBUG - 2025-04-09 01:35:53 --> Session: Class initialized using 'CodeIgniter\Session\Handlers\FileHandler' driver.
DEBUG - 2025-04-09 01:40:28 --> Session: Class initialized using 'CodeIgniter\Session\Handlers\FileHandler' driver.
DEBUG - 2025-04-09 01:40:55 --> Session: Class initialized using 'CodeIgniter\Session\Handlers\FileHandler' driver.
DEBUG - 2025-04-09 01:41:12 --> Session: Class initialized using 'CodeIgniter\Session\Handlers\FileHandler' driver.
DEBUG - 2025-04-09 01:41:43 --> Session: Class initialized using 'CodeIgniter\Session\Handlers\FileHandler' driver.
DEBUG - 2025-04-09 02:00:37 --> Session: Class initialized using 'CodeIgniter\Session\Handlers\FileHandler' driver.
DEBUG - 2025-04-09 02:07:17 --> Session: Class initialized using 'CodeIgniter\Session\Handlers\FileHandler' driver.
ERROR - 2025-04-09 02:07:18 --> mysqli_sql_exception: Unknown column 'id' in 'field list' in C:\BarangayInformationSystem\system\Database\MySQLi\Connection.php:327
Stack trace:
#0 C:\BarangayInformationSystem\system\Database\MySQLi\Connection.php(327): mysqli->query('SELECT `id`, `f...', 0)
#1 C:\BarangayInformationSystem\system\Database\BaseConnection.php(738): CodeIgniter\Database\MySQLi\Connection->execute('SELECT `id`, `f...')
#2 C:\BarangayInformationSystem\system\Database\BaseConnection.php(652): CodeIgniter\Database\BaseConnection->simpleQuery('SELECT `id`, `f...')
#3 C:\BarangayInformationSystem\system\Database\BaseBuilder.php(1649): CodeIgniter\Database\BaseConnection->query('SELECT `id`, `f...', Array, false)
#4 C:\BarangayInformationSystem\system\Model.php(286): CodeIgniter\Database\BaseBuilder->get()
#5 C:\BarangayInformationSystem\system\BaseModel.php(675): CodeIgniter\Model->doFindAll(0, 0)
#6 C:\BarangayInformationSystem\app\Controllers\AdminController.php(971): CodeIgniter\BaseModel->findAll()
#7 C:\BarangayInformationSystem\system\CodeIgniter.php(933): App\Controllers\AdminController->fetchResidents()
#8 C:\BarangayInformationSystem\system\CodeIgniter.php(507): CodeIgniter\CodeIgniter->runController(Object(App\Controllers\AdminController))
#9 C:\BarangayInformationSystem\system\CodeIgniter.php(354): CodeIgniter\CodeIgniter->handleRequest(NULL, Object(Config\Cache), false)
#10 C:\BarangayInformationSystem\system\Boot.php(334): CodeIgniter\CodeIgniter->run()
#11 C:\BarangayInformationSystem\system\Boot.php(67): CodeIgniter\Boot::runCodeIgniter(Object(CodeIgniter\CodeIgniter))
#12 C:\BarangayInformationSystem\public\index.php(56): CodeIgniter\Boot::bootWeb(Object(Config\Paths))
#13 C:\BarangayInformationSystem\system\rewrite.php(44): require_once('C:\\BarangayInfo...')
#14 {main}
CRITICAL - 2025-04-09 02:07:18 --> CodeIgniter\Database\Exceptions\DatabaseException: Unknown column 'id' in 'field list'
[Method: GET, Route: admin/fetch-residents]
in SYSTEMPATH\Database\BaseConnection.php on line 692.
 1 SYSTEMPATH\Database\BaseBuilder.php(1649): CodeIgniter\Database\BaseConnection->query('SELECT `id`, `fullname`
FROM `tbl_residents`', [], false)
 2 SYSTEMPATH\Model.php(286): CodeIgniter\Database\BaseBuilder->get()
 3 SYSTEMPATH\BaseModel.php(675): CodeIgniter\Model->doFindAll(0, 0)
 4 APPPATH\Controllers\AdminController.php(971): CodeIgniter\BaseModel->findAll()
 5 SYSTEMPATH\CodeIgniter.php(933): App\Controllers\AdminController->fetchResidents()
 6 SYSTEMPATH\CodeIgniter.php(507): CodeIgniter\CodeIgniter->runController(Object(App\Controllers\AdminController))
 7 SYSTEMPATH\CodeIgniter.php(354): CodeIgniter\CodeIgniter->handleRequest(null, Object(Config\Cache), false)
 8 SYSTEMPATH\Boot.php(334): CodeIgniter\CodeIgniter->run()
 9 SYSTEMPATH\Boot.php(67): CodeIgniter\Boot::runCodeIgniter(Object(CodeIgniter\CodeIgniter))
10 FCPATH\index.php(56): CodeIgniter\Boot::bootWeb(Object(Config\Paths))
11 SYSTEMPATH\rewrite.php(44): require_once('C:\\BarangayInformationSystem\\public\\index.php')
CRITICAL - 2025-04-09 02:07:18 --> [Caused by] CodeIgniter\Database\Exceptions\DatabaseException: Unknown column 'id' in 'field list'
in SYSTEMPATH\Database\MySQLi\Connection.php on line 332.
 1 SYSTEMPATH\Database\BaseConnection.php(738): CodeIgniter\Database\MySQLi\Connection->execute('SELECT `id`, `fullname`
FROM `tbl_residents`')
 2 SYSTEMPATH\Database\BaseConnection.php(652): CodeIgniter\Database\BaseConnection->simpleQuery('SELECT `id`, `fullname`
FROM `tbl_residents`')
 3 SYSTEMPATH\Database\BaseBuilder.php(1649): CodeIgniter\Database\BaseConnection->query('SELECT `id`, `fullname`
FROM `tbl_residents`', [], false)
 4 SYSTEMPATH\Model.php(286): CodeIgniter\Database\BaseBuilder->get()
 5 SYSTEMPATH\BaseModel.php(675): CodeIgniter\Model->doFindAll(0, 0)
 6 APPPATH\Controllers\AdminController.php(971): CodeIgniter\BaseModel->findAll()
 7 SYSTEMPATH\CodeIgniter.php(933): App\Controllers\AdminController->fetchResidents()
 8 SYSTEMPATH\CodeIgniter.php(507): CodeIgniter\CodeIgniter->runController(Object(App\Controllers\AdminController))
 9 SYSTEMPATH\CodeIgniter.php(354): CodeIgniter\CodeIgniter->handleRequest(null, Object(Config\Cache), false)
10 SYSTEMPATH\Boot.php(334): CodeIgniter\CodeIgniter->run()
11 SYSTEMPATH\Boot.php(67): CodeIgniter\Boot::runCodeIgniter(Object(CodeIgniter\CodeIgniter))
12 FCPATH\index.php(56): CodeIgniter\Boot::bootWeb(Object(Config\Paths))
13 SYSTEMPATH\rewrite.php(44): require_once('C:\\BarangayInformationSystem\\public\\index.php')
CRITICAL - 2025-04-09 02:07:18 --> [Caused by] mysqli_sql_exception: Unknown column 'id' in 'field list'
in SYSTEMPATH\Database\MySQLi\Connection.php on line 327.
 1 SYSTEMPATH\Database\MySQLi\Connection.php(327): mysqli->query('SELECT `id`, `fullname`
FROM `tbl_residents`', 0)
 2 SYSTEMPATH\Database\BaseConnection.php(738): CodeIgniter\Database\MySQLi\Connection->execute('SELECT `id`, `fullname`
FROM `tbl_residents`')
 3 SYSTEMPATH\Database\BaseConnection.php(652): CodeIgniter\Database\BaseConnection->simpleQuery('SELECT `id`, `fullname`
FROM `tbl_residents`')
 4 SYSTEMPATH\Database\BaseBuilder.php(1649): CodeIgniter\Database\BaseConnection->query('SELECT `id`, `fullname`
FROM `tbl_residents`', [], false)
 5 SYSTEMPATH\Model.php(286): CodeIgniter\Database\BaseBuilder->get()
 6 SYSTEMPATH\BaseModel.php(675): CodeIgniter\Model->doFindAll(0, 0)
 7 APPPATH\Controllers\AdminController.php(971): CodeIgniter\BaseModel->findAll()
 8 SYSTEMPATH\CodeIgniter.php(933): App\Controllers\AdminController->fetchResidents()
 9 SYSTEMPATH\CodeIgniter.php(507): CodeIgniter\CodeIgniter->runController(Object(App\Controllers\AdminController))
10 SYSTEMPATH\CodeIgniter.php(354): CodeIgniter\CodeIgniter->handleRequest(null, Object(Config\Cache), false)
11 SYSTEMPATH\Boot.php(334): CodeIgniter\CodeIgniter->run()
12 SYSTEMPATH\Boot.php(67): CodeIgniter\Boot::runCodeIgniter(Object(CodeIgniter\CodeIgniter))
13 FCPATH\index.php(56): CodeIgniter\Boot::bootWeb(Object(Config\Paths))
14 SYSTEMPATH\rewrite.php(44): require_once('C:\\BarangayInformationSystem\\public\\index.php')
DEBUG - 2025-04-09 02:09:04 --> Session: Class initialized using 'CodeIgniter\Session\Handlers\FileHandler' driver.
DEBUG - 2025-04-09 17:59:09 --> Session: Class initialized using 'CodeIgniter\Session\Handlers\FileHandler' driver.
DEBUG - 2025-04-09 17:59:13 --> Session: Class initialized using 'CodeIgniter\Session\Handlers\FileHandler' driver.
DEBUG - 2025-04-09 17:59:14 --> Session: Class initialized using 'CodeIgniter\Session\Handlers\FileHandler' driver.
DEBUG - 2025-04-09 17:59:34 --> Session: Class initialized using 'CodeIgniter\Session\Handlers\FileHandler' driver.
DEBUG - 2025-04-09 17:59:37 --> Session: Class initialized using 'CodeIgniter\Session\Handlers\FileHandler' driver.
DEBUG - 2025-04-09 18:02:51 --> Session: Class initialized using 'CodeIgniter\Session\Handlers\FileHandler' driver.
DEBUG - 2025-04-09 18:04:00 --> Session: Class initialized using 'CodeIgniter\Session\Handlers\FileHandler' driver.
DEBUG - 2025-04-09 18:04:34 --> Session: Class initialized using 'CodeIgniter\Session\Handlers\FileHandler' driver.
DEBUG - 2025-04-09 18:04:46 --> Session: Class initialized using 'CodeIgniter\Session\Handlers\FileHandler' driver.
DEBUG - 2025-04-09 18:12:14 --> Session: Class initialized using 'CodeIgniter\Session\Handlers\FileHandler' driver.
DEBUG - 2025-04-09 18:14:29 --> Session: Class initialized using 'CodeIgniter\Session\Handlers\FileHandler' driver.
CRITICAL - 2025-04-09 18:14:29 --> ParseError: Unclosed '{' on line 10
[Method: GET, Route: admin/lending-assets]
in APPPATH\Controllers\AdminController.php on line 1026.
 1 SYSTEMPATH\Autoloader\Autoloader.php(295): CodeIgniter\Autoloader\Autoloader->includeFile('C:\\BarangayInformationSystem\\app\\Controllers\\AdminController.php')
 2 SYSTEMPATH\Autoloader\Autoloader.php(271): CodeIgniter\Autoloader\Autoloader->loadInNamespace('App\\Controllers\\AdminController')
 3 [internal function]: CodeIgniter\Autoloader\Autoloader->loadClass('App\\Controllers\\AdminController')
 4 SYSTEMPATH\CodeIgniter.php(885): class_exists('\\App\\Controllers\\AdminController', true)
 5 SYSTEMPATH\CodeIgniter.php(494): CodeIgniter\CodeIgniter->startController()
 6 SYSTEMPATH\CodeIgniter.php(354): CodeIgniter\CodeIgniter->handleRequest(null, Object(Config\Cache), false)
 7 SYSTEMPATH\Boot.php(334): CodeIgniter\CodeIgniter->run()
 8 SYSTEMPATH\Boot.php(67): CodeIgniter\Boot::runCodeIgniter(Object(CodeIgniter\CodeIgniter))
 9 FCPATH\index.php(56): CodeIgniter\Boot::bootWeb(Object(Config\Paths))
10 SYSTEMPATH\rewrite.php(44): require_once('C:\\BarangayInformationSystem\\public\\index.php')
DEBUG - 2025-04-09 18:14:58 --> Session: Class initialized using 'CodeIgniter\Session\Handlers\FileHandler' driver.
DEBUG - 2025-04-09 18:15:54 --> Session: Class initialized using 'CodeIgniter\Session\Handlers\FileHandler' driver.
DEBUG - 2025-04-09 18:37:30 --> Session: Class initialized using 'CodeIgniter\Session\Handlers\FileHandler' driver.
DEBUG - 2025-04-09 18:37:41 --> Session: Class initialized using 'CodeIgniter\Session\Handlers\FileHandler' driver.
DEBUG - 2025-04-09 18:39:49 --> Session: Class initialized using 'CodeIgniter\Session\Handlers\FileHandler' driver.
DEBUG - 2025-04-09 18:41:05 --> Session: Class initialized using 'CodeIgniter\Session\Handlers\FileHandler' driver.
DEBUG - 2025-04-09 18:42:27 --> Session: Class initialized using 'CodeIgniter\Session\Handlers\FileHandler' driver.
DEBUG - 2025-04-09 18:44:40 --> Session: Class initialized using 'CodeIgniter\Session\Handlers\FileHandler' driver.
ERROR - 2025-04-09 18:44:52 --> mysqli_sql_exception: Unknown column 'date_burrowed' in 'field list' in C:\BarangayInformationSystem\system\Database\MySQLi\Connection.php:327
Stack trace:
#0 C:\BarangayInformationSystem\system\Database\MySQLi\Connection.php(327): mysqli->query('INSERT INTO `tb...', 0)
#1 C:\BarangayInformationSystem\system\Database\BaseConnection.php(738): CodeIgniter\Database\MySQLi\Connection->execute('INSERT INTO `tb...')
#2 C:\BarangayInformationSystem\system\Database\BaseConnection.php(652): CodeIgniter\Database\BaseConnection->simpleQuery('INSERT INTO `tb...')
#3 C:\BarangayInformationSystem\system\Database\BaseBuilder.php(2345): CodeIgniter\Database\BaseConnection->query('INSERT INTO `tb...', Array, false)
#4 C:\BarangayInformationSystem\system\Model.php(394): CodeIgniter\Database\BaseBuilder->insert()
#5 C:\BarangayInformationSystem\system\BaseModel.php(839): CodeIgniter\Model->doInsert(Array)
#6 C:\BarangayInformationSystem\system\Model.php(800): CodeIgniter\BaseModel->insert(Array, true)
#7 C:\BarangayInformationSystem\app\Controllers\AdminController.php(1016): CodeIgniter\Model->insert(Array)
#8 C:\BarangayInformationSystem\system\CodeIgniter.php(933): App\Controllers\AdminController->newLending()
#9 C:\BarangayInformationSystem\system\CodeIgniter.php(507): CodeIgniter\CodeIgniter->runController(Object(App\Controllers\AdminController))
#10 C:\BarangayInformationSystem\system\CodeIgniter.php(354): CodeIgniter\CodeIgniter->handleRequest(NULL, Object(Config\Cache), false)
#11 C:\BarangayInformationSystem\system\Boot.php(334): CodeIgniter\CodeIgniter->run()
#12 C:\BarangayInformationSystem\system\Boot.php(67): CodeIgniter\Boot::runCodeIgniter(Object(CodeIgniter\CodeIgniter))
#13 C:\BarangayInformationSystem\public\index.php(56): CodeIgniter\Boot::bootWeb(Object(Config\Paths))
#14 C:\BarangayInformationSystem\system\rewrite.php(44): require_once('C:\\BarangayInfo...')
#15 {main}
CRITICAL - 2025-04-09 18:44:52 --> CodeIgniter\Database\Exceptions\DatabaseException: Unknown column 'date_burrowed' in 'field list'
[Method: POST, Route: admin/new-lending]
in SYSTEMPATH\Database\BaseConnection.php on line 692.
 1 SYSTEMPATH\Database\BaseBuilder.php(2345): CodeIgniter\Database\BaseConnection->query('INSERT INTO `tbl_lending` (`item_id`, `item_name`, `borrower_id`, `borrowed_quantity`, `status`, `date_burrowed`, `created_at`, `updated_at`) VALUES (:item_id:, :item_name:, :borrower_id:, :borrowed_quantity:, :status:, :date_burrowed:, :created_at:, :updated_at:)', [...], false)
 2 SYSTEMPATH\Model.php(394): CodeIgniter\Database\BaseBuilder->insert()
 3 SYSTEMPATH\BaseModel.php(839): CodeIgniter\Model->doInsert([...])
 4 SYSTEMPATH\Model.php(800): CodeIgniter\BaseModel->insert([...], true)
 5 APPPATH\Controllers\AdminController.php(1016): CodeIgniter\Model->insert([...])
 6 SYSTEMPATH\CodeIgniter.php(933): App\Controllers\AdminController->newLending()
 7 SYSTEMPATH\CodeIgniter.php(507): CodeIgniter\CodeIgniter->runController(Object(App\Controllers\AdminController))
 8 SYSTEMPATH\CodeIgniter.php(354): CodeIgniter\CodeIgniter->handleRequest(null, Object(Config\Cache), false)
 9 SYSTEMPATH\Boot.php(334): CodeIgniter\CodeIgniter->run()
10 SYSTEMPATH\Boot.php(67): CodeIgniter\Boot::runCodeIgniter(Object(CodeIgniter\CodeIgniter))
11 FCPATH\index.php(56): CodeIgniter\Boot::bootWeb(Object(Config\Paths))
12 SYSTEMPATH\rewrite.php(44): require_once('C:\\BarangayInformationSystem\\public\\index.php')
CRITICAL - 2025-04-09 18:44:52 --> [Caused by] CodeIgniter\Database\Exceptions\DatabaseException: Unknown column 'date_burrowed' in 'field list'
in SYSTEMPATH\Database\MySQLi\Connection.php on line 332.
 1 SYSTEMPATH\Database\BaseConnection.php(738): CodeIgniter\Database\MySQLi\Connection->execute('INSERT INTO `tbl_lending` (`item_id`, `item_name`, `borrower_id`, `borrowed_quantity`, `status`, `date_burrowed`, `created_at`, `updated_at`) VALUES (\'12\', \'Sample Item Name\', \'43\', \'2\', \'borrowed\', \'2025-04-09\', \'2025-04-09 18:44:52\', \'2025-04-09 18:44:52\')')
 2 SYSTEMPATH\Database\BaseConnection.php(652): CodeIgniter\Database\BaseConnection->simpleQuery('INSERT INTO `tbl_lending` (`item_id`, `item_name`, `borrower_id`, `borrowed_quantity`, `status`, `date_burrowed`, `created_at`, `updated_at`) VALUES (\'12\', \'Sample Item Name\', \'43\', \'2\', \'borrowed\', \'2025-04-09\', \'2025-04-09 18:44:52\', \'2025-04-09 18:44:52\')')
 3 SYSTEMPATH\Database\BaseBuilder.php(2345): CodeIgniter\Database\BaseConnection->query('INSERT INTO `tbl_lending` (`item_id`, `item_name`, `borrower_id`, `borrowed_quantity`, `status`, `date_burrowed`, `created_at`, `updated_at`) VALUES (:item_id:, :item_name:, :borrower_id:, :borrowed_quantity:, :status:, :date_burrowed:, :created_at:, :updated_at:)', [...], false)
 4 SYSTEMPATH\Model.php(394): CodeIgniter\Database\BaseBuilder->insert()
 5 SYSTEMPATH\BaseModel.php(839): CodeIgniter\Model->doInsert([...])
 6 SYSTEMPATH\Model.php(800): CodeIgniter\BaseModel->insert([...], true)
 7 APPPATH\Controllers\AdminController.php(1016): CodeIgniter\Model->insert([...])
 8 SYSTEMPATH\CodeIgniter.php(933): App\Controllers\AdminController->newLending()
 9 SYSTEMPATH\CodeIgniter.php(507): CodeIgniter\CodeIgniter->runController(Object(App\Controllers\AdminController))
10 SYSTEMPATH\CodeIgniter.php(354): CodeIgniter\CodeIgniter->handleRequest(null, Object(Config\Cache), false)
11 SYSTEMPATH\Boot.php(334): CodeIgniter\CodeIgniter->run()
12 SYSTEMPATH\Boot.php(67): CodeIgniter\Boot::runCodeIgniter(Object(CodeIgniter\CodeIgniter))
13 FCPATH\index.php(56): CodeIgniter\Boot::bootWeb(Object(Config\Paths))
14 SYSTEMPATH\rewrite.php(44): require_once('C:\\BarangayInformationSystem\\public\\index.php')
CRITICAL - 2025-04-09 18:44:52 --> [Caused by] mysqli_sql_exception: Unknown column 'date_burrowed' in 'field list'
in SYSTEMPATH\Database\MySQLi\Connection.php on line 327.
 1 SYSTEMPATH\Database\MySQLi\Connection.php(327): mysqli->query('INSERT INTO `tbl_lending` (`item_id`, `item_name`, `borrower_id`, `borrowed_quantity`, `status`, `date_burrowed`, `created_at`, `updated_at`) VALUES (\'12\', \'Sample Item Name\', \'43\', \'2\', \'borrowed\', \'2025-04-09\', \'2025-04-09 18:44:52\', \'2025-04-09 18:44:52\')', 0)
 2 SYSTEMPATH\Database\BaseConnection.php(738): CodeIgniter\Database\MySQLi\Connection->execute('INSERT INTO `tbl_lending` (`item_id`, `item_name`, `borrower_id`, `borrowed_quantity`, `status`, `date_burrowed`, `created_at`, `updated_at`) VALUES (\'12\', \'Sample Item Name\', \'43\', \'2\', \'borrowed\', \'2025-04-09\', \'2025-04-09 18:44:52\', \'2025-04-09 18:44:52\')')
 3 SYSTEMPATH\Database\BaseConnection.php(652): CodeIgniter\Database\BaseConnection->simpleQuery('INSERT INTO `tbl_lending` (`item_id`, `item_name`, `borrower_id`, `borrowed_quantity`, `status`, `date_burrowed`, `created_at`, `updated_at`) VALUES (\'12\', \'Sample Item Name\', \'43\', \'2\', \'borrowed\', \'2025-04-09\', \'2025-04-09 18:44:52\', \'2025-04-09 18:44:52\')')
 4 SYSTEMPATH\Database\BaseBuilder.php(2345): CodeIgniter\Database\BaseConnection->query('INSERT INTO `tbl_lending` (`item_id`, `item_name`, `borrower_id`, `borrowed_quantity`, `status`, `date_burrowed`, `created_at`, `updated_at`) VALUES (:item_id:, :item_name:, :borrower_id:, :borrowed_quantity:, :status:, :date_burrowed:, :created_at:, :updated_at:)', [...], false)
 5 SYSTEMPATH\Model.php(394): CodeIgniter\Database\BaseBuilder->insert()
 6 SYSTEMPATH\BaseModel.php(839): CodeIgniter\Model->doInsert([...])
 7 SYSTEMPATH\Model.php(800): CodeIgniter\BaseModel->insert([...], true)
 8 APPPATH\Controllers\AdminController.php(1016): CodeIgniter\Model->insert([...])
 9 SYSTEMPATH\CodeIgniter.php(933): App\Controllers\AdminController->newLending()
10 SYSTEMPATH\CodeIgniter.php(507): CodeIgniter\CodeIgniter->runController(Object(App\Controllers\AdminController))
11 SYSTEMPATH\CodeIgniter.php(354): CodeIgniter\CodeIgniter->handleRequest(null, Object(Config\Cache), false)
12 SYSTEMPATH\Boot.php(334): CodeIgniter\CodeIgniter->run()
13 SYSTEMPATH\Boot.php(67): CodeIgniter\Boot::runCodeIgniter(Object(CodeIgniter\CodeIgniter))
14 FCPATH\index.php(56): CodeIgniter\Boot::bootWeb(Object(Config\Paths))
15 SYSTEMPATH\rewrite.php(44): require_once('C:\\BarangayInformationSystem\\public\\index.php')
ERROR - 2025-04-09 18:45:21 --> mysqli_sql_exception: Unknown column 'date_burrowed' in 'field list' in C:\BarangayInformationSystem\system\Database\MySQLi\Connection.php:327
Stack trace:
#0 C:\BarangayInformationSystem\system\Database\MySQLi\Connection.php(327): mysqli->query('INSERT INTO `tb...', 0)
#1 C:\BarangayInformationSystem\system\Database\BaseConnection.php(738): CodeIgniter\Database\MySQLi\Connection->execute('INSERT INTO `tb...')
#2 C:\BarangayInformationSystem\system\Database\BaseConnection.php(652): CodeIgniter\Database\BaseConnection->simpleQuery('INSERT INTO `tb...')
#3 C:\BarangayInformationSystem\system\Database\BaseBuilder.php(2345): CodeIgniter\Database\BaseConnection->query('INSERT INTO `tb...', Array, false)
#4 C:\BarangayInformationSystem\system\Model.php(394): CodeIgniter\Database\BaseBuilder->insert()
#5 C:\BarangayInformationSystem\system\BaseModel.php(839): CodeIgniter\Model->doInsert(Array)
#6 C:\BarangayInformationSystem\system\Model.php(800): CodeIgniter\BaseModel->insert(Array, true)
#7 C:\BarangayInformationSystem\app\Controllers\AdminController.php(1016): CodeIgniter\Model->insert(Array)
#8 C:\BarangayInformationSystem\system\CodeIgniter.php(933): App\Controllers\AdminController->newLending()
#9 C:\BarangayInformationSystem\system\CodeIgniter.php(507): CodeIgniter\CodeIgniter->runController(Object(App\Controllers\AdminController))
#10 C:\BarangayInformationSystem\system\CodeIgniter.php(354): CodeIgniter\CodeIgniter->handleRequest(NULL, Object(Config\Cache), false)
#11 C:\BarangayInformationSystem\system\Boot.php(334): CodeIgniter\CodeIgniter->run()
#12 C:\BarangayInformationSystem\system\Boot.php(67): CodeIgniter\Boot::runCodeIgniter(Object(CodeIgniter\CodeIgniter))
#13 C:\BarangayInformationSystem\public\index.php(56): CodeIgniter\Boot::bootWeb(Object(Config\Paths))
#14 C:\BarangayInformationSystem\system\rewrite.php(44): require_once('C:\\BarangayInfo...')
#15 {main}
CRITICAL - 2025-04-09 18:45:21 --> CodeIgniter\Database\Exceptions\DatabaseException: Unknown column 'date_burrowed' in 'field list'
[Method: POST, Route: admin/new-lending]
in SYSTEMPATH\Database\BaseConnection.php on line 692.
 1 SYSTEMPATH\Database\BaseBuilder.php(2345): CodeIgniter\Database\BaseConnection->query('INSERT INTO `tbl_lending` (`item_id`, `item_name`, `borrower_id`, `borrowed_quantity`, `status`, `date_burrowed`, `created_at`, `updated_at`) VALUES (:item_id:, :item_name:, :borrower_id:, :borrowed_quantity:, :status:, :date_burrowed:, :created_at:, :updated_at:)', [...], false)
 2 SYSTEMPATH\Model.php(394): CodeIgniter\Database\BaseBuilder->insert()
 3 SYSTEMPATH\BaseModel.php(839): CodeIgniter\Model->doInsert([...])
 4 SYSTEMPATH\Model.php(800): CodeIgniter\BaseModel->insert([...], true)
 5 APPPATH\Controllers\AdminController.php(1016): CodeIgniter\Model->insert([...])
 6 SYSTEMPATH\CodeIgniter.php(933): App\Controllers\AdminController->newLending()
 7 SYSTEMPATH\CodeIgniter.php(507): CodeIgniter\CodeIgniter->runController(Object(App\Controllers\AdminController))
 8 SYSTEMPATH\CodeIgniter.php(354): CodeIgniter\CodeIgniter->handleRequest(null, Object(Config\Cache), false)
 9 SYSTEMPATH\Boot.php(334): CodeIgniter\CodeIgniter->run()
10 SYSTEMPATH\Boot.php(67): CodeIgniter\Boot::runCodeIgniter(Object(CodeIgniter\CodeIgniter))
11 FCPATH\index.php(56): CodeIgniter\Boot::bootWeb(Object(Config\Paths))
12 SYSTEMPATH\rewrite.php(44): require_once('C:\\BarangayInformationSystem\\public\\index.php')
CRITICAL - 2025-04-09 18:45:21 --> [Caused by] CodeIgniter\Database\Exceptions\DatabaseException: Unknown column 'date_burrowed' in 'field list'
in SYSTEMPATH\Database\MySQLi\Connection.php on line 332.
 1 SYSTEMPATH\Database\BaseConnection.php(738): CodeIgniter\Database\MySQLi\Connection->execute('INSERT INTO `tbl_lending` (`item_id`, `item_name`, `borrower_id`, `borrowed_quantity`, `status`, `date_burrowed`, `created_at`, `updated_at`) VALUES (\'12\', \'Sample Item Name\', \'43\', \'2\', \'borrowed\', \'2025-04-09\', \'2025-04-09 18:45:21\', \'2025-04-09 18:45:21\')')
 2 SYSTEMPATH\Database\BaseConnection.php(652): CodeIgniter\Database\BaseConnection->simpleQuery('INSERT INTO `tbl_lending` (`item_id`, `item_name`, `borrower_id`, `borrowed_quantity`, `status`, `date_burrowed`, `created_at`, `updated_at`) VALUES (\'12\', \'Sample Item Name\', \'43\', \'2\', \'borrowed\', \'2025-04-09\', \'2025-04-09 18:45:21\', \'2025-04-09 18:45:21\')')
 3 SYSTEMPATH\Database\BaseBuilder.php(2345): CodeIgniter\Database\BaseConnection->query('INSERT INTO `tbl_lending` (`item_id`, `item_name`, `borrower_id`, `borrowed_quantity`, `status`, `date_burrowed`, `created_at`, `updated_at`) VALUES (:item_id:, :item_name:, :borrower_id:, :borrowed_quantity:, :status:, :date_burrowed:, :created_at:, :updated_at:)', [...], false)
 4 SYSTEMPATH\Model.php(394): CodeIgniter\Database\BaseBuilder->insert()
 5 SYSTEMPATH\BaseModel.php(839): CodeIgniter\Model->doInsert([...])
 6 SYSTEMPATH\Model.php(800): CodeIgniter\BaseModel->insert([...], true)
 7 APPPATH\Controllers\AdminController.php(1016): CodeIgniter\Model->insert([...])
 8 SYSTEMPATH\CodeIgniter.php(933): App\Controllers\AdminController->newLending()
 9 SYSTEMPATH\CodeIgniter.php(507): CodeIgniter\CodeIgniter->runController(Object(App\Controllers\AdminController))
10 SYSTEMPATH\CodeIgniter.php(354): CodeIgniter\CodeIgniter->handleRequest(null, Object(Config\Cache), false)
11 SYSTEMPATH\Boot.php(334): CodeIgniter\CodeIgniter->run()
12 SYSTEMPATH\Boot.php(67): CodeIgniter\Boot::runCodeIgniter(Object(CodeIgniter\CodeIgniter))
13 FCPATH\index.php(56): CodeIgniter\Boot::bootWeb(Object(Config\Paths))
14 SYSTEMPATH\rewrite.php(44): require_once('C:\\BarangayInformationSystem\\public\\index.php')
CRITICAL - 2025-04-09 18:45:21 --> [Caused by] mysqli_sql_exception: Unknown column 'date_burrowed' in 'field list'
in SYSTEMPATH\Database\MySQLi\Connection.php on line 327.
 1 SYSTEMPATH\Database\MySQLi\Connection.php(327): mysqli->query('INSERT INTO `tbl_lending` (`item_id`, `item_name`, `borrower_id`, `borrowed_quantity`, `status`, `date_burrowed`, `created_at`, `updated_at`) VALUES (\'12\', \'Sample Item Name\', \'43\', \'2\', \'borrowed\', \'2025-04-09\', \'2025-04-09 18:45:21\', \'2025-04-09 18:45:21\')', 0)
 2 SYSTEMPATH\Database\BaseConnection.php(738): CodeIgniter\Database\MySQLi\Connection->execute('INSERT INTO `tbl_lending` (`item_id`, `item_name`, `borrower_id`, `borrowed_quantity`, `status`, `date_burrowed`, `created_at`, `updated_at`) VALUES (\'12\', \'Sample Item Name\', \'43\', \'2\', \'borrowed\', \'2025-04-09\', \'2025-04-09 18:45:21\', \'2025-04-09 18:45:21\')')
 3 SYSTEMPATH\Database\BaseConnection.php(652): CodeIgniter\Database\BaseConnection->simpleQuery('INSERT INTO `tbl_lending` (`item_id`, `item_name`, `borrower_id`, `borrowed_quantity`, `status`, `date_burrowed`, `created_at`, `updated_at`) VALUES (\'12\', \'Sample Item Name\', \'43\', \'2\', \'borrowed\', \'2025-04-09\', \'2025-04-09 18:45:21\', \'2025-04-09 18:45:21\')')
 4 SYSTEMPATH\Database\BaseBuilder.php(2345): CodeIgniter\Database\BaseConnection->query('INSERT INTO `tbl_lending` (`item_id`, `item_name`, `borrower_id`, `borrowed_quantity`, `status`, `date_burrowed`, `created_at`, `updated_at`) VALUES (:item_id:, :item_name:, :borrower_id:, :borrowed_quantity:, :status:, :date_burrowed:, :created_at:, :updated_at:)', [...], false)
 5 SYSTEMPATH\Model.php(394): CodeIgniter\Database\BaseBuilder->insert()
 6 SYSTEMPATH\BaseModel.php(839): CodeIgniter\Model->doInsert([...])
 7 SYSTEMPATH\Model.php(800): CodeIgniter\BaseModel->insert([...], true)
 8 APPPATH\Controllers\AdminController.php(1016): CodeIgniter\Model->insert([...])
 9 SYSTEMPATH\CodeIgniter.php(933): App\Controllers\AdminController->newLending()
10 SYSTEMPATH\CodeIgniter.php(507): CodeIgniter\CodeIgniter->runController(Object(App\Controllers\AdminController))
11 SYSTEMPATH\CodeIgniter.php(354): CodeIgniter\CodeIgniter->handleRequest(null, Object(Config\Cache), false)
12 SYSTEMPATH\Boot.php(334): CodeIgniter\CodeIgniter->run()
13 SYSTEMPATH\Boot.php(67): CodeIgniter\Boot::runCodeIgniter(Object(CodeIgniter\CodeIgniter))
14 FCPATH\index.php(56): CodeIgniter\Boot::bootWeb(Object(Config\Paths))
15 SYSTEMPATH\rewrite.php(44): require_once('C:\\BarangayInformationSystem\\public\\index.php')
DEBUG - 2025-04-09 18:45:59 --> Session: Class initialized using 'CodeIgniter\Session\Handlers\FileHandler' driver.
DEBUG - 2025-04-09 18:46:10 --> Session: Class initialized using 'CodeIgniter\Session\Handlers\FileHandler' driver.
DEBUG - 2025-04-09 18:48:25 --> Session: Class initialized using 'CodeIgniter\Session\Handlers\FileHandler' driver.
DEBUG - 2025-04-09 18:53:08 --> Session: Class initialized using 'CodeIgniter\Session\Handlers\FileHandler' driver.
ERROR - 2025-04-09 18:53:16 --> mysqli_sql_exception: Unknown column 'borrower_name' in 'field list' in C:\BarangayInformationSystem\system\Database\MySQLi\Connection.php:327
Stack trace:
#0 C:\BarangayInformationSystem\system\Database\MySQLi\Connection.php(327): mysqli->query('INSERT INTO `tb...', 0)
#1 C:\BarangayInformationSystem\system\Database\BaseConnection.php(738): CodeIgniter\Database\MySQLi\Connection->execute('INSERT INTO `tb...')
#2 C:\BarangayInformationSystem\system\Database\BaseConnection.php(652): CodeIgniter\Database\BaseConnection->simpleQuery('INSERT INTO `tb...')
#3 C:\BarangayInformationSystem\system\Database\BaseBuilder.php(2345): CodeIgniter\Database\BaseConnection->query('INSERT INTO `tb...', Array, false)
#4 C:\BarangayInformationSystem\system\Model.php(394): CodeIgniter\Database\BaseBuilder->insert()
#5 C:\BarangayInformationSystem\system\BaseModel.php(839): CodeIgniter\Model->doInsert(Array)
#6 C:\BarangayInformationSystem\system\Model.php(800): CodeIgniter\BaseModel->insert(Array, true)
#7 C:\BarangayInformationSystem\app\Controllers\AdminController.php(1016): CodeIgniter\Model->insert(Array)
#8 C:\BarangayInformationSystem\system\CodeIgniter.php(933): App\Controllers\AdminController->newLending()
#9 C:\BarangayInformationSystem\system\CodeIgniter.php(507): CodeIgniter\CodeIgniter->runController(Object(App\Controllers\AdminController))
#10 C:\BarangayInformationSystem\system\CodeIgniter.php(354): CodeIgniter\CodeIgniter->handleRequest(NULL, Object(Config\Cache), false)
#11 C:\BarangayInformationSystem\system\Boot.php(334): CodeIgniter\CodeIgniter->run()
#12 C:\BarangayInformationSystem\system\Boot.php(67): CodeIgniter\Boot::runCodeIgniter(Object(CodeIgniter\CodeIgniter))
#13 C:\BarangayInformationSystem\public\index.php(56): CodeIgniter\Boot::bootWeb(Object(Config\Paths))
#14 C:\BarangayInformationSystem\system\rewrite.php(44): require_once('C:\\BarangayInfo...')
#15 {main}
CRITICAL - 2025-04-09 18:53:16 --> CodeIgniter\Database\Exceptions\DatabaseException: Unknown column 'borrower_name' in 'field list'
[Method: POST, Route: admin/new-lending]
in SYSTEMPATH\Database\BaseConnection.php on line 692.
 1 SYSTEMPATH\Database\BaseBuilder.php(2345): CodeIgniter\Database\BaseConnection->query('INSERT INTO `tbl_lending` (`item_id`, `item_name`, `borrower_id`, `borrower_name`, `borrowed_quantity`, `status`, `date_borrowed`, `created_at`, `updated_at`) VALUES (:item_id:, :item_name:, :borrower_id:, :borrower_name:, :borrowed_quantity:, :status:, :date_borrowed:, :created_at:, :updated_at:)', [...], false)
 2 SYSTEMPATH\Model.php(394): CodeIgniter\Database\BaseBuilder->insert()
 3 SYSTEMPATH\BaseModel.php(839): CodeIgniter\Model->doInsert([...])
 4 SYSTEMPATH\Model.php(800): CodeIgniter\BaseModel->insert([...], true)
 5 APPPATH\Controllers\AdminController.php(1016): CodeIgniter\Model->insert([...])
 6 SYSTEMPATH\CodeIgniter.php(933): App\Controllers\AdminController->newLending()
 7 SYSTEMPATH\CodeIgniter.php(507): CodeIgniter\CodeIgniter->runController(Object(App\Controllers\AdminController))
 8 SYSTEMPATH\CodeIgniter.php(354): CodeIgniter\CodeIgniter->handleRequest(null, Object(Config\Cache), false)
 9 SYSTEMPATH\Boot.php(334): CodeIgniter\CodeIgniter->run()
10 SYSTEMPATH\Boot.php(67): CodeIgniter\Boot::runCodeIgniter(Object(CodeIgniter\CodeIgniter))
11 FCPATH\index.php(56): CodeIgniter\Boot::bootWeb(Object(Config\Paths))
12 SYSTEMPATH\rewrite.php(44): require_once('C:\\BarangayInformationSystem\\public\\index.php')
CRITICAL - 2025-04-09 18:53:16 --> [Caused by] CodeIgniter\Database\Exceptions\DatabaseException: Unknown column 'borrower_name' in 'field list'
in SYSTEMPATH\Database\MySQLi\Connection.php on line 332.
 1 SYSTEMPATH\Database\BaseConnection.php(738): CodeIgniter\Database\MySQLi\Connection->execute('INSERT INTO `tbl_lending` (`item_id`, `item_name`, `borrower_id`, `borrower_name`, `borrowed_quantity`, `status`, `date_borrowed`, `created_at`, `updated_at`) VALUES (\'2\', \'Sample Item Name\', \'43\', \'Tovvy burgos Dumaplin \', \'123\', \'borrowed\', \'2025-04-09\', \'2025-04-09 18:53:16\', \'2025-04-09 18:53:16\')')
 2 SYSTEMPATH\Database\BaseConnection.php(652): CodeIgniter\Database\BaseConnection->simpleQuery('INSERT INTO `tbl_lending` (`item_id`, `item_name`, `borrower_id`, `borrower_name`, `borrowed_quantity`, `status`, `date_borrowed`, `created_at`, `updated_at`) VALUES (\'2\', \'Sample Item Name\', \'43\', \'Tovvy burgos Dumaplin \', \'123\', \'borrowed\', \'2025-04-09\', \'2025-04-09 18:53:16\', \'2025-04-09 18:53:16\')')
 3 SYSTEMPATH\Database\BaseBuilder.php(2345): CodeIgniter\Database\BaseConnection->query('INSERT INTO `tbl_lending` (`item_id`, `item_name`, `borrower_id`, `borrower_name`, `borrowed_quantity`, `status`, `date_borrowed`, `created_at`, `updated_at`) VALUES (:item_id:, :item_name:, :borrower_id:, :borrower_name:, :borrowed_quantity:, :status:, :date_borrowed:, :created_at:, :updated_at:)', [...], false)
 4 SYSTEMPATH\Model.php(394): CodeIgniter\Database\BaseBuilder->insert()
 5 SYSTEMPATH\BaseModel.php(839): CodeIgniter\Model->doInsert([...])
 6 SYSTEMPATH\Model.php(800): CodeIgniter\BaseModel->insert([...], true)
 7 APPPATH\Controllers\AdminController.php(1016): CodeIgniter\Model->insert([...])
 8 SYSTEMPATH\CodeIgniter.php(933): App\Controllers\AdminController->newLending()
 9 SYSTEMPATH\CodeIgniter.php(507): CodeIgniter\CodeIgniter->runController(Object(App\Controllers\AdminController))
10 SYSTEMPATH\CodeIgniter.php(354): CodeIgniter\CodeIgniter->handleRequest(null, Object(Config\Cache), false)
11 SYSTEMPATH\Boot.php(334): CodeIgniter\CodeIgniter->run()
12 SYSTEMPATH\Boot.php(67): CodeIgniter\Boot::runCodeIgniter(Object(CodeIgniter\CodeIgniter))
13 FCPATH\index.php(56): CodeIgniter\Boot::bootWeb(Object(Config\Paths))
14 SYSTEMPATH\rewrite.php(44): require_once('C:\\BarangayInformationSystem\\public\\index.php')
CRITICAL - 2025-04-09 18:53:16 --> [Caused by] mysqli_sql_exception: Unknown column 'borrower_name' in 'field list'
in SYSTEMPATH\Database\MySQLi\Connection.php on line 327.
 1 SYSTEMPATH\Database\MySQLi\Connection.php(327): mysqli->query('INSERT INTO `tbl_lending` (`item_id`, `item_name`, `borrower_id`, `borrower_name`, `borrowed_quantity`, `status`, `date_borrowed`, `created_at`, `updated_at`) VALUES (\'2\', \'Sample Item Name\', \'43\', \'Tovvy burgos Dumaplin \', \'123\', \'borrowed\', \'2025-04-09\', \'2025-04-09 18:53:16\', \'2025-04-09 18:53:16\')', 0)
 2 SYSTEMPATH\Database\BaseConnection.php(738): CodeIgniter\Database\MySQLi\Connection->execute('INSERT INTO `tbl_lending` (`item_id`, `item_name`, `borrower_id`, `borrower_name`, `borrowed_quantity`, `status`, `date_borrowed`, `created_at`, `updated_at`) VALUES (\'2\', \'Sample Item Name\', \'43\', \'Tovvy burgos Dumaplin \', \'123\', \'borrowed\', \'2025-04-09\', \'2025-04-09 18:53:16\', \'2025-04-09 18:53:16\')')
 3 SYSTEMPATH\Database\BaseConnection.php(652): CodeIgniter\Database\BaseConnection->simpleQuery('INSERT INTO `tbl_lending` (`item_id`, `item_name`, `borrower_id`, `borrower_name`, `borrowed_quantity`, `status`, `date_borrowed`, `created_at`, `updated_at`) VALUES (\'2\', \'Sample Item Name\', \'43\', \'Tovvy burgos Dumaplin \', \'123\', \'borrowed\', \'2025-04-09\', \'2025-04-09 18:53:16\', \'2025-04-09 18:53:16\')')
 4 SYSTEMPATH\Database\BaseBuilder.php(2345): CodeIgniter\Database\BaseConnection->query('INSERT INTO `tbl_lending` (`item_id`, `item_name`, `borrower_id`, `borrower_name`, `borrowed_quantity`, `status`, `date_borrowed`, `created_at`, `updated_at`) VALUES (:item_id:, :item_name:, :borrower_id:, :borrower_name:, :borrowed_quantity:, :status:, :date_borrowed:, :created_at:, :updated_at:)', [...], false)
 5 SYSTEMPATH\Model.php(394): CodeIgniter\Database\BaseBuilder->insert()
 6 SYSTEMPATH\BaseModel.php(839): CodeIgniter\Model->doInsert([...])
 7 SYSTEMPATH\Model.php(800): CodeIgniter\BaseModel->insert([...], true)
 8 APPPATH\Controllers\AdminController.php(1016): CodeIgniter\Model->insert([...])
 9 SYSTEMPATH\CodeIgniter.php(933): App\Controllers\AdminController->newLending()
10 SYSTEMPATH\CodeIgniter.php(507): CodeIgniter\CodeIgniter->runController(Object(App\Controllers\AdminController))
11 SYSTEMPATH\CodeIgniter.php(354): CodeIgniter\CodeIgniter->handleRequest(null, Object(Config\Cache), false)
12 SYSTEMPATH\Boot.php(334): CodeIgniter\CodeIgniter->run()
13 SYSTEMPATH\Boot.php(67): CodeIgniter\Boot::runCodeIgniter(Object(CodeIgniter\CodeIgniter))
14 FCPATH\index.php(56): CodeIgniter\Boot::bootWeb(Object(Config\Paths))
15 SYSTEMPATH\rewrite.php(44): require_once('C:\\BarangayInformationSystem\\public\\index.php')
ERROR - 2025-04-09 18:53:21 --> mysqli_sql_exception: Unknown column 'borrower_name' in 'field list' in C:\BarangayInformationSystem\system\Database\MySQLi\Connection.php:327
Stack trace:
#0 C:\BarangayInformationSystem\system\Database\MySQLi\Connection.php(327): mysqli->query('INSERT INTO `tb...', 0)
#1 C:\BarangayInformationSystem\system\Database\BaseConnection.php(738): CodeIgniter\Database\MySQLi\Connection->execute('INSERT INTO `tb...')
#2 C:\BarangayInformationSystem\system\Database\BaseConnection.php(652): CodeIgniter\Database\BaseConnection->simpleQuery('INSERT INTO `tb...')
#3 C:\BarangayInformationSystem\system\Database\BaseBuilder.php(2345): CodeIgniter\Database\BaseConnection->query('INSERT INTO `tb...', Array, false)
#4 C:\BarangayInformationSystem\system\Model.php(394): CodeIgniter\Database\BaseBuilder->insert()
#5 C:\BarangayInformationSystem\system\BaseModel.php(839): CodeIgniter\Model->doInsert(Array)
#6 C:\BarangayInformationSystem\system\Model.php(800): CodeIgniter\BaseModel->insert(Array, true)
#7 C:\BarangayInformationSystem\app\Controllers\AdminController.php(1016): CodeIgniter\Model->insert(Array)
#8 C:\BarangayInformationSystem\system\CodeIgniter.php(933): App\Controllers\AdminController->newLending()
#9 C:\BarangayInformationSystem\system\CodeIgniter.php(507): CodeIgniter\CodeIgniter->runController(Object(App\Controllers\AdminController))
#10 C:\BarangayInformationSystem\system\CodeIgniter.php(354): CodeIgniter\CodeIgniter->handleRequest(NULL, Object(Config\Cache), false)
#11 C:\BarangayInformationSystem\system\Boot.php(334): CodeIgniter\CodeIgniter->run()
#12 C:\BarangayInformationSystem\system\Boot.php(67): CodeIgniter\Boot::runCodeIgniter(Object(CodeIgniter\CodeIgniter))
#13 C:\BarangayInformationSystem\public\index.php(56): CodeIgniter\Boot::bootWeb(Object(Config\Paths))
#14 C:\BarangayInformationSystem\system\rewrite.php(44): require_once('C:\\BarangayInfo...')
#15 {main}
CRITICAL - 2025-04-09 18:53:21 --> CodeIgniter\Database\Exceptions\DatabaseException: Unknown column 'borrower_name' in 'field list'
[Method: POST, Route: admin/new-lending]
in SYSTEMPATH\Database\BaseConnection.php on line 692.
 1 SYSTEMPATH\Database\BaseBuilder.php(2345): CodeIgniter\Database\BaseConnection->query('INSERT INTO `tbl_lending` (`item_id`, `item_name`, `borrower_id`, `borrower_name`, `borrowed_quantity`, `status`, `date_borrowed`, `created_at`, `updated_at`) VALUES (:item_id:, :item_name:, :borrower_id:, :borrower_name:, :borrowed_quantity:, :status:, :date_borrowed:, :created_at:, :updated_at:)', [...], false)
 2 SYSTEMPATH\Model.php(394): CodeIgniter\Database\BaseBuilder->insert()
 3 SYSTEMPATH\BaseModel.php(839): CodeIgniter\Model->doInsert([...])
 4 SYSTEMPATH\Model.php(800): CodeIgniter\BaseModel->insert([...], true)
 5 APPPATH\Controllers\AdminController.php(1016): CodeIgniter\Model->insert([...])
 6 SYSTEMPATH\CodeIgniter.php(933): App\Controllers\AdminController->newLending()
 7 SYSTEMPATH\CodeIgniter.php(507): CodeIgniter\CodeIgniter->runController(Object(App\Controllers\AdminController))
 8 SYSTEMPATH\CodeIgniter.php(354): CodeIgniter\CodeIgniter->handleRequest(null, Object(Config\Cache), false)
 9 SYSTEMPATH\Boot.php(334): CodeIgniter\CodeIgniter->run()
10 SYSTEMPATH\Boot.php(67): CodeIgniter\Boot::runCodeIgniter(Object(CodeIgniter\CodeIgniter))
11 FCPATH\index.php(56): CodeIgniter\Boot::bootWeb(Object(Config\Paths))
12 SYSTEMPATH\rewrite.php(44): require_once('C:\\BarangayInformationSystem\\public\\index.php')
CRITICAL - 2025-04-09 18:53:21 --> [Caused by] CodeIgniter\Database\Exceptions\DatabaseException: Unknown column 'borrower_name' in 'field list'
in SYSTEMPATH\Database\MySQLi\Connection.php on line 332.
 1 SYSTEMPATH\Database\BaseConnection.php(738): CodeIgniter\Database\MySQLi\Connection->execute('INSERT INTO `tbl_lending` (`item_id`, `item_name`, `borrower_id`, `borrower_name`, `borrowed_quantity`, `status`, `date_borrowed`, `created_at`, `updated_at`) VALUES (\'2\', \'Sample Item Name\', \'43\', \'Tovvy burgos Dumaplin \', \'123\', \'borrowed\', \'2025-04-09\', \'2025-04-09 18:53:21\', \'2025-04-09 18:53:21\')')
 2 SYSTEMPATH\Database\BaseConnection.php(652): CodeIgniter\Database\BaseConnection->simpleQuery('INSERT INTO `tbl_lending` (`item_id`, `item_name`, `borrower_id`, `borrower_name`, `borrowed_quantity`, `status`, `date_borrowed`, `created_at`, `updated_at`) VALUES (\'2\', \'Sample Item Name\', \'43\', \'Tovvy burgos Dumaplin \', \'123\', \'borrowed\', \'2025-04-09\', \'2025-04-09 18:53:21\', \'2025-04-09 18:53:21\')')
 3 SYSTEMPATH\Database\BaseBuilder.php(2345): CodeIgniter\Database\BaseConnection->query('INSERT INTO `tbl_lending` (`item_id`, `item_name`, `borrower_id`, `borrower_name`, `borrowed_quantity`, `status`, `date_borrowed`, `created_at`, `updated_at`) VALUES (:item_id:, :item_name:, :borrower_id:, :borrower_name:, :borrowed_quantity:, :status:, :date_borrowed:, :created_at:, :updated_at:)', [...], false)
 4 SYSTEMPATH\Model.php(394): CodeIgniter\Database\BaseBuilder->insert()
 5 SYSTEMPATH\BaseModel.php(839): CodeIgniter\Model->doInsert([...])
 6 SYSTEMPATH\Model.php(800): CodeIgniter\BaseModel->insert([...], true)
 7 APPPATH\Controllers\AdminController.php(1016): CodeIgniter\Model->insert([...])
 8 SYSTEMPATH\CodeIgniter.php(933): App\Controllers\AdminController->newLending()
 9 SYSTEMPATH\CodeIgniter.php(507): CodeIgniter\CodeIgniter->runController(Object(App\Controllers\AdminController))
10 SYSTEMPATH\CodeIgniter.php(354): CodeIgniter\CodeIgniter->handleRequest(null, Object(Config\Cache), false)
11 SYSTEMPATH\Boot.php(334): CodeIgniter\CodeIgniter->run()
12 SYSTEMPATH\Boot.php(67): CodeIgniter\Boot::runCodeIgniter(Object(CodeIgniter\CodeIgniter))
13 FCPATH\index.php(56): CodeIgniter\Boot::bootWeb(Object(Config\Paths))
14 SYSTEMPATH\rewrite.php(44): require_once('C:\\BarangayInformationSystem\\public\\index.php')
CRITICAL - 2025-04-09 18:53:21 --> [Caused by] mysqli_sql_exception: Unknown column 'borrower_name' in 'field list'
in SYSTEMPATH\Database\MySQLi\Connection.php on line 327.
 1 SYSTEMPATH\Database\MySQLi\Connection.php(327): mysqli->query('INSERT INTO `tbl_lending` (`item_id`, `item_name`, `borrower_id`, `borrower_name`, `borrowed_quantity`, `status`, `date_borrowed`, `created_at`, `updated_at`) VALUES (\'2\', \'Sample Item Name\', \'43\', \'Tovvy burgos Dumaplin \', \'123\', \'borrowed\', \'2025-04-09\', \'2025-04-09 18:53:21\', \'2025-04-09 18:53:21\')', 0)
 2 SYSTEMPATH\Database\BaseConnection.php(738): CodeIgniter\Database\MySQLi\Connection->execute('INSERT INTO `tbl_lending` (`item_id`, `item_name`, `borrower_id`, `borrower_name`, `borrowed_quantity`, `status`, `date_borrowed`, `created_at`, `updated_at`) VALUES (\'2\', \'Sample Item Name\', \'43\', \'Tovvy burgos Dumaplin \', \'123\', \'borrowed\', \'2025-04-09\', \'2025-04-09 18:53:21\', \'2025-04-09 18:53:21\')')
 3 SYSTEMPATH\Database\BaseConnection.php(652): CodeIgniter\Database\BaseConnection->simpleQuery('INSERT INTO `tbl_lending` (`item_id`, `item_name`, `borrower_id`, `borrower_name`, `borrowed_quantity`, `status`, `date_borrowed`, `created_at`, `updated_at`) VALUES (\'2\', \'Sample Item Name\', \'43\', \'Tovvy burgos Dumaplin \', \'123\', \'borrowed\', \'2025-04-09\', \'2025-04-09 18:53:21\', \'2025-04-09 18:53:21\')')
 4 SYSTEMPATH\Database\BaseBuilder.php(2345): CodeIgniter\Database\BaseConnection->query('INSERT INTO `tbl_lending` (`item_id`, `item_name`, `borrower_id`, `borrower_name`, `borrowed_quantity`, `status`, `date_borrowed`, `created_at`, `updated_at`) VALUES (:item_id:, :item_name:, :borrower_id:, :borrower_name:, :borrowed_quantity:, :status:, :date_borrowed:, :created_at:, :updated_at:)', [...], false)
 5 SYSTEMPATH\Model.php(394): CodeIgniter\Database\BaseBuilder->insert()
 6 SYSTEMPATH\BaseModel.php(839): CodeIgniter\Model->doInsert([...])
 7 SYSTEMPATH\Model.php(800): CodeIgniter\BaseModel->insert([...], true)
 8 APPPATH\Controllers\AdminController.php(1016): CodeIgniter\Model->insert([...])
 9 SYSTEMPATH\CodeIgniter.php(933): App\Controllers\AdminController->newLending()
10 SYSTEMPATH\CodeIgniter.php(507): CodeIgniter\CodeIgniter->runController(Object(App\Controllers\AdminController))
11 SYSTEMPATH\CodeIgniter.php(354): CodeIgniter\CodeIgniter->handleRequest(null, Object(Config\Cache), false)
12 SYSTEMPATH\Boot.php(334): CodeIgniter\CodeIgniter->run()
13 SYSTEMPATH\Boot.php(67): CodeIgniter\Boot::runCodeIgniter(Object(CodeIgniter\CodeIgniter))
14 FCPATH\index.php(56): CodeIgniter\Boot::bootWeb(Object(Config\Paths))
15 SYSTEMPATH\rewrite.php(44): require_once('C:\\BarangayInformationSystem\\public\\index.php')
DEBUG - 2025-04-09 18:54:07 --> Session: Class initialized using 'CodeIgniter\Session\Handlers\FileHandler' driver.
DEBUG - 2025-04-09 18:56:44 --> Session: Class initialized using 'CodeIgniter\Session\Handlers\FileHandler' driver.
DEBUG - 2025-04-09 18:57:06 --> Session: Class initialized using 'CodeIgniter\Session\Handlers\FileHandler' driver.
DEBUG - 2025-04-09 18:58:22 --> Session: Class initialized using 'CodeIgniter\Session\Handlers\FileHandler' driver.
ERROR - 2025-04-09 18:58:23 --> mysqli_sql_exception: Table 'db_barangay.residents' doesn't exist in C:\BarangayInformationSystem\system\Database\MySQLi\Connection.php:327
Stack trace:
#0 C:\BarangayInformationSystem\system\Database\MySQLi\Connection.php(327): mysqli->query('SELECT `tbl_len...', 0)
#1 C:\BarangayInformationSystem\system\Database\BaseConnection.php(738): CodeIgniter\Database\MySQLi\Connection->execute('SELECT `tbl_len...')
#2 C:\BarangayInformationSystem\system\Database\BaseConnection.php(652): CodeIgniter\Database\BaseConnection->simpleQuery('SELECT `tbl_len...')
#3 C:\BarangayInformationSystem\system\Database\BaseBuilder.php(1649): CodeIgniter\Database\BaseConnection->query('SELECT `tbl_len...', Array, false)
#4 C:\BarangayInformationSystem\system\Model.php(286): CodeIgniter\Database\BaseBuilder->get()
#5 C:\BarangayInformationSystem\system\BaseModel.php(675): CodeIgniter\Model->doFindAll(0, 0)
#6 C:\BarangayInformationSystem\app\Controllers\AdminController.php(843): CodeIgniter\BaseModel->findAll()
#7 C:\BarangayInformationSystem\system\CodeIgniter.php(933): App\Controllers\AdminController->lendItems()
#8 C:\BarangayInformationSystem\system\CodeIgniter.php(507): CodeIgniter\CodeIgniter->runController(Object(App\Controllers\AdminController))
#9 C:\BarangayInformationSystem\system\CodeIgniter.php(354): CodeIgniter\CodeIgniter->handleRequest(NULL, Object(Config\Cache), false)
#10 C:\BarangayInformationSystem\system\Boot.php(334): CodeIgniter\CodeIgniter->run()
#11 C:\BarangayInformationSystem\system\Boot.php(67): CodeIgniter\Boot::runCodeIgniter(Object(CodeIgniter\CodeIgniter))
#12 C:\BarangayInformationSystem\public\index.php(56): CodeIgniter\Boot::bootWeb(Object(Config\Paths))
#13 C:\BarangayInformationSystem\system\rewrite.php(44): require_once('C:\\BarangayInfo...')
#14 {main}
CRITICAL - 2025-04-09 18:58:23 --> CodeIgniter\Database\Exceptions\DatabaseException: Table 'db_barangay.residents' doesn't exist
[Method: GET, Route: admin/lend-items]
in SYSTEMPATH\Database\BaseConnection.php on line 692.
 1 SYSTEMPATH\Database\BaseBuilder.php(1649): CodeIgniter\Database\BaseConnection->query('SELECT `tbl_lending`.*, `residents`.`fullname` as `borrower_name`, `residents`.`house_no`
FROM `tbl_lending`
JOIN `residents` ON `residents`.`id` = `tbl_lending`.`borrower_id`
WHERE `tbl_lending`.`status` = :tbl_lending.status:', [...], false)
 2 SYSTEMPATH\Model.php(286): CodeIgniter\Database\BaseBuilder->get()
 3 SYSTEMPATH\BaseModel.php(675): CodeIgniter\Model->doFindAll(0, 0)
 4 APPPATH\Controllers\AdminController.php(843): CodeIgniter\BaseModel->findAll()
 5 SYSTEMPATH\CodeIgniter.php(933): App\Controllers\AdminController->lendItems()
 6 SYSTEMPATH\CodeIgniter.php(507): CodeIgniter\CodeIgniter->runController(Object(App\Controllers\AdminController))
 7 SYSTEMPATH\CodeIgniter.php(354): CodeIgniter\CodeIgniter->handleRequest(null, Object(Config\Cache), false)
 8 SYSTEMPATH\Boot.php(334): CodeIgniter\CodeIgniter->run()
 9 SYSTEMPATH\Boot.php(67): CodeIgniter\Boot::runCodeIgniter(Object(CodeIgniter\CodeIgniter))
10 FCPATH\index.php(56): CodeIgniter\Boot::bootWeb(Object(Config\Paths))
11 SYSTEMPATH\rewrite.php(44): require_once('C:\\BarangayInformationSystem\\public\\index.php')
CRITICAL - 2025-04-09 18:58:23 --> [Caused by] CodeIgniter\Database\Exceptions\DatabaseException: Table 'db_barangay.residents' doesn't exist
in SYSTEMPATH\Database\MySQLi\Connection.php on line 332.
 1 SYSTEMPATH\Database\BaseConnection.php(738): CodeIgniter\Database\MySQLi\Connection->execute('SELECT `tbl_lending`.*, `residents`.`fullname` as `borrower_name`, `residents`.`house_no`
FROM `tbl_lending`
JOIN `residents` ON `residents`.`id` = `tbl_lending`.`borrower_id`
WHERE `tbl_lending`.`status` = 1')
 2 SYSTEMPATH\Database\BaseConnection.php(652): CodeIgniter\Database\BaseConnection->simpleQuery('SELECT `tbl_lending`.*, `residents`.`fullname` as `borrower_name`, `residents`.`house_no`
FROM `tbl_lending`
JOIN `residents` ON `residents`.`id` = `tbl_lending`.`borrower_id`
WHERE `tbl_lending`.`status` = 1')
 3 SYSTEMPATH\Database\BaseBuilder.php(1649): CodeIgniter\Database\BaseConnection->query('SELECT `tbl_lending`.*, `residents`.`fullname` as `borrower_name`, `residents`.`house_no`
FROM `tbl_lending`
JOIN `residents` ON `residents`.`id` = `tbl_lending`.`borrower_id`
WHERE `tbl_lending`.`status` = :tbl_lending.status:', [...], false)
 4 SYSTEMPATH\Model.php(286): CodeIgniter\Database\BaseBuilder->get()
 5 SYSTEMPATH\BaseModel.php(675): CodeIgniter\Model->doFindAll(0, 0)
 6 APPPATH\Controllers\AdminController.php(843): CodeIgniter\BaseModel->findAll()
 7 SYSTEMPATH\CodeIgniter.php(933): App\Controllers\AdminController->lendItems()
 8 SYSTEMPATH\CodeIgniter.php(507): CodeIgniter\CodeIgniter->runController(Object(App\Controllers\AdminController))
 9 SYSTEMPATH\CodeIgniter.php(354): CodeIgniter\CodeIgniter->handleRequest(null, Object(Config\Cache), false)
10 SYSTEMPATH\Boot.php(334): CodeIgniter\CodeIgniter->run()
11 SYSTEMPATH\Boot.php(67): CodeIgniter\Boot::runCodeIgniter(Object(CodeIgniter\CodeIgniter))
12 FCPATH\index.php(56): CodeIgniter\Boot::bootWeb(Object(Config\Paths))
13 SYSTEMPATH\rewrite.php(44): require_once('C:\\BarangayInformationSystem\\public\\index.php')
CRITICAL - 2025-04-09 18:58:23 --> [Caused by] mysqli_sql_exception: Table 'db_barangay.residents' doesn't exist
in SYSTEMPATH\Database\MySQLi\Connection.php on line 327.
 1 SYSTEMPATH\Database\MySQLi\Connection.php(327): mysqli->query('SELECT `tbl_lending`.*, `residents`.`fullname` as `borrower_name`, `residents`.`house_no`
FROM `tbl_lending`
JOIN `residents` ON `residents`.`id` = `tbl_lending`.`borrower_id`
WHERE `tbl_lending`.`status` = 1', 0)
 2 SYSTEMPATH\Database\BaseConnection.php(738): CodeIgniter\Database\MySQLi\Connection->execute('SELECT `tbl_lending`.*, `residents`.`fullname` as `borrower_name`, `residents`.`house_no`
FROM `tbl_lending`
JOIN `residents` ON `residents`.`id` = `tbl_lending`.`borrower_id`
WHERE `tbl_lending`.`status` = 1')
 3 SYSTEMPATH\Database\BaseConnection.php(652): CodeIgniter\Database\BaseConnection->simpleQuery('SELECT `tbl_lending`.*, `residents`.`fullname` as `borrower_name`, `residents`.`house_no`
FROM `tbl_lending`
JOIN `residents` ON `residents`.`id` = `tbl_lending`.`borrower_id`
WHERE `tbl_lending`.`status` = 1')
 4 SYSTEMPATH\Database\BaseBuilder.php(1649): CodeIgniter\Database\BaseConnection->query('SELECT `tbl_lending`.*, `residents`.`fullname` as `borrower_name`, `residents`.`house_no`
FROM `tbl_lending`
JOIN `residents` ON `residents`.`id` = `tbl_lending`.`borrower_id`
WHERE `tbl_lending`.`status` = :tbl_lending.status:', [...], false)
 5 SYSTEMPATH\Model.php(286): CodeIgniter\Database\BaseBuilder->get()
 6 SYSTEMPATH\BaseModel.php(675): CodeIgniter\Model->doFindAll(0, 0)
 7 APPPATH\Controllers\AdminController.php(843): CodeIgniter\BaseModel->findAll()
 8 SYSTEMPATH\CodeIgniter.php(933): App\Controllers\AdminController->lendItems()
 9 SYSTEMPATH\CodeIgniter.php(507): CodeIgniter\CodeIgniter->runController(Object(App\Controllers\AdminController))
10 SYSTEMPATH\CodeIgniter.php(354): CodeIgniter\CodeIgniter->handleRequest(null, Object(Config\Cache), false)
11 SYSTEMPATH\Boot.php(334): CodeIgniter\CodeIgniter->run()
12 SYSTEMPATH\Boot.php(67): CodeIgniter\Boot::runCodeIgniter(Object(CodeIgniter\CodeIgniter))
13 FCPATH\index.php(56): CodeIgniter\Boot::bootWeb(Object(Config\Paths))
14 SYSTEMPATH\rewrite.php(44): require_once('C:\\BarangayInformationSystem\\public\\index.php')
DEBUG - 2025-04-09 18:58:30 --> Session: Class initialized using 'CodeIgniter\Session\Handlers\FileHandler' driver.
ERROR - 2025-04-09 18:58:32 --> mysqli_sql_exception: Table 'db_barangay.residents' doesn't exist in C:\BarangayInformationSystem\system\Database\MySQLi\Connection.php:327
Stack trace:
#0 C:\BarangayInformationSystem\system\Database\MySQLi\Connection.php(327): mysqli->query('SELECT `tbl_len...', 0)
#1 C:\BarangayInformationSystem\system\Database\BaseConnection.php(738): CodeIgniter\Database\MySQLi\Connection->execute('SELECT `tbl_len...')
#2 C:\BarangayInformationSystem\system\Database\BaseConnection.php(652): CodeIgniter\Database\BaseConnection->simpleQuery('SELECT `tbl_len...')
#3 C:\BarangayInformationSystem\system\Database\BaseBuilder.php(1649): CodeIgniter\Database\BaseConnection->query('SELECT `tbl_len...', Array, false)
#4 C:\BarangayInformationSystem\system\Model.php(286): CodeIgniter\Database\BaseBuilder->get()
#5 C:\BarangayInformationSystem\system\BaseModel.php(675): CodeIgniter\Model->doFindAll(0, 0)
#6 C:\BarangayInformationSystem\app\Controllers\AdminController.php(843): CodeIgniter\BaseModel->findAll()
#7 C:\BarangayInformationSystem\system\CodeIgniter.php(933): App\Controllers\AdminController->lendItems()
#8 C:\BarangayInformationSystem\system\CodeIgniter.php(507): CodeIgniter\CodeIgniter->runController(Object(App\Controllers\AdminController))
#9 C:\BarangayInformationSystem\system\CodeIgniter.php(354): CodeIgniter\CodeIgniter->handleRequest(NULL, Object(Config\Cache), false)
#10 C:\BarangayInformationSystem\system\Boot.php(334): CodeIgniter\CodeIgniter->run()
#11 C:\BarangayInformationSystem\system\Boot.php(67): CodeIgniter\Boot::runCodeIgniter(Object(CodeIgniter\CodeIgniter))
#12 C:\BarangayInformationSystem\public\index.php(56): CodeIgniter\Boot::bootWeb(Object(Config\Paths))
#13 C:\BarangayInformationSystem\system\rewrite.php(44): require_once('C:\\BarangayInfo...')
#14 {main}
CRITICAL - 2025-04-09 18:58:32 --> CodeIgniter\Database\Exceptions\DatabaseException: Table 'db_barangay.residents' doesn't exist
[Method: GET, Route: admin/lend-items]
in SYSTEMPATH\Database\BaseConnection.php on line 692.
 1 SYSTEMPATH\Database\BaseBuilder.php(1649): CodeIgniter\Database\BaseConnection->query('SELECT `tbl_lending`.*, `residents`.`fullname` as `borrower_name`, `residents`.`house_no`
FROM `tbl_lending`
JOIN `residents` ON `residents`.`id` = `tbl_lending`.`borrower_id`
WHERE `tbl_lending`.`status` = :tbl_lending.status:', [...], false)
 2 SYSTEMPATH\Model.php(286): CodeIgniter\Database\BaseBuilder->get()
 3 SYSTEMPATH\BaseModel.php(675): CodeIgniter\Model->doFindAll(0, 0)
 4 APPPATH\Controllers\AdminController.php(843): CodeIgniter\BaseModel->findAll()
 5 SYSTEMPATH\CodeIgniter.php(933): App\Controllers\AdminController->lendItems()
 6 SYSTEMPATH\CodeIgniter.php(507): CodeIgniter\CodeIgniter->runController(Object(App\Controllers\AdminController))
 7 SYSTEMPATH\CodeIgniter.php(354): CodeIgniter\CodeIgniter->handleRequest(null, Object(Config\Cache), false)
 8 SYSTEMPATH\Boot.php(334): CodeIgniter\CodeIgniter->run()
 9 SYSTEMPATH\Boot.php(67): CodeIgniter\Boot::runCodeIgniter(Object(CodeIgniter\CodeIgniter))
10 FCPATH\index.php(56): CodeIgniter\Boot::bootWeb(Object(Config\Paths))
11 SYSTEMPATH\rewrite.php(44): require_once('C:\\BarangayInformationSystem\\public\\index.php')
CRITICAL - 2025-04-09 18:58:32 --> [Caused by] CodeIgniter\Database\Exceptions\DatabaseException: Table 'db_barangay.residents' doesn't exist
in SYSTEMPATH\Database\MySQLi\Connection.php on line 332.
 1 SYSTEMPATH\Database\BaseConnection.php(738): CodeIgniter\Database\MySQLi\Connection->execute('SELECT `tbl_lending`.*, `residents`.`fullname` as `borrower_name`, `residents`.`house_no`
FROM `tbl_lending`
JOIN `residents` ON `residents`.`id` = `tbl_lending`.`borrower_id`
WHERE `tbl_lending`.`status` = 1')
 2 SYSTEMPATH\Database\BaseConnection.php(652): CodeIgniter\Database\BaseConnection->simpleQuery('SELECT `tbl_lending`.*, `residents`.`fullname` as `borrower_name`, `residents`.`house_no`
FROM `tbl_lending`
JOIN `residents` ON `residents`.`id` = `tbl_lending`.`borrower_id`
WHERE `tbl_lending`.`status` = 1')
 3 SYSTEMPATH\Database\BaseBuilder.php(1649): CodeIgniter\Database\BaseConnection->query('SELECT `tbl_lending`.*, `residents`.`fullname` as `borrower_name`, `residents`.`house_no`
FROM `tbl_lending`
JOIN `residents` ON `residents`.`id` = `tbl_lending`.`borrower_id`
WHERE `tbl_lending`.`status` = :tbl_lending.status:', [...], false)
 4 SYSTEMPATH\Model.php(286): CodeIgniter\Database\BaseBuilder->get()
 5 SYSTEMPATH\BaseModel.php(675): CodeIgniter\Model->doFindAll(0, 0)
 6 APPPATH\Controllers\AdminController.php(843): CodeIgniter\BaseModel->findAll()
 7 SYSTEMPATH\CodeIgniter.php(933): App\Controllers\AdminController->lendItems()
 8 SYSTEMPATH\CodeIgniter.php(507): CodeIgniter\CodeIgniter->runController(Object(App\Controllers\AdminController))
 9 SYSTEMPATH\CodeIgniter.php(354): CodeIgniter\CodeIgniter->handleRequest(null, Object(Config\Cache), false)
10 SYSTEMPATH\Boot.php(334): CodeIgniter\CodeIgniter->run()
11 SYSTEMPATH\Boot.php(67): CodeIgniter\Boot::runCodeIgniter(Object(CodeIgniter\CodeIgniter))
12 FCPATH\index.php(56): CodeIgniter\Boot::bootWeb(Object(Config\Paths))
13 SYSTEMPATH\rewrite.php(44): require_once('C:\\BarangayInformationSystem\\public\\index.php')
CRITICAL - 2025-04-09 18:58:32 --> [Caused by] mysqli_sql_exception: Table 'db_barangay.residents' doesn't exist
in SYSTEMPATH\Database\MySQLi\Connection.php on line 327.
 1 SYSTEMPATH\Database\MySQLi\Connection.php(327): mysqli->query('SELECT `tbl_lending`.*, `residents`.`fullname` as `borrower_name`, `residents`.`house_no`
FROM `tbl_lending`
JOIN `residents` ON `residents`.`id` = `tbl_lending`.`borrower_id`
WHERE `tbl_lending`.`status` = 1', 0)
 2 SYSTEMPATH\Database\BaseConnection.php(738): CodeIgniter\Database\MySQLi\Connection->execute('SELECT `tbl_lending`.*, `residents`.`fullname` as `borrower_name`, `residents`.`house_no`
FROM `tbl_lending`
JOIN `residents` ON `residents`.`id` = `tbl_lending`.`borrower_id`
WHERE `tbl_lending`.`status` = 1')
 3 SYSTEMPATH\Database\BaseConnection.php(652): CodeIgniter\Database\BaseConnection->simpleQuery('SELECT `tbl_lending`.*, `residents`.`fullname` as `borrower_name`, `residents`.`house_no`
FROM `tbl_lending`
JOIN `residents` ON `residents`.`id` = `tbl_lending`.`borrower_id`
WHERE `tbl_lending`.`status` = 1')
 4 SYSTEMPATH\Database\BaseBuilder.php(1649): CodeIgniter\Database\BaseConnection->query('SELECT `tbl_lending`.*, `residents`.`fullname` as `borrower_name`, `residents`.`house_no`
FROM `tbl_lending`
JOIN `residents` ON `residents`.`id` = `tbl_lending`.`borrower_id`
WHERE `tbl_lending`.`status` = :tbl_lending.status:', [...], false)
 5 SYSTEMPATH\Model.php(286): CodeIgniter\Database\BaseBuilder->get()
 6 SYSTEMPATH\BaseModel.php(675): CodeIgniter\Model->doFindAll(0, 0)
 7 APPPATH\Controllers\AdminController.php(843): CodeIgniter\BaseModel->findAll()
 8 SYSTEMPATH\CodeIgniter.php(933): App\Controllers\AdminController->lendItems()
 9 SYSTEMPATH\CodeIgniter.php(507): CodeIgniter\CodeIgniter->runController(Object(App\Controllers\AdminController))
10 SYSTEMPATH\CodeIgniter.php(354): CodeIgniter\CodeIgniter->handleRequest(null, Object(Config\Cache), false)
11 SYSTEMPATH\Boot.php(334): CodeIgniter\CodeIgniter->run()
12 SYSTEMPATH\Boot.php(67): CodeIgniter\Boot::runCodeIgniter(Object(CodeIgniter\CodeIgniter))
13 FCPATH\index.php(56): CodeIgniter\Boot::bootWeb(Object(Config\Paths))
14 SYSTEMPATH\rewrite.php(44): require_once('C:\\BarangayInformationSystem\\public\\index.php')
DEBUG - 2025-04-09 18:59:42 --> Session: Class initialized using 'CodeIgniter\Session\Handlers\FileHandler' driver.
ERROR - 2025-04-09 18:59:44 --> mysqli_sql_exception: Unknown column 'tbl_residents.fullname' in 'field list' in C:\BarangayInformationSystem\system\Database\MySQLi\Connection.php:327
Stack trace:
#0 C:\BarangayInformationSystem\system\Database\MySQLi\Connection.php(327): mysqli->query('SELECT `tbl_len...', 0)
#1 C:\BarangayInformationSystem\system\Database\BaseConnection.php(738): CodeIgniter\Database\MySQLi\Connection->execute('SELECT `tbl_len...')
#2 C:\BarangayInformationSystem\system\Database\BaseConnection.php(652): CodeIgniter\Database\BaseConnection->simpleQuery('SELECT `tbl_len...')
#3 C:\BarangayInformationSystem\system\Database\BaseBuilder.php(1649): CodeIgniter\Database\BaseConnection->query('SELECT `tbl_len...', Array, false)
#4 C:\BarangayInformationSystem\system\Model.php(286): CodeIgniter\Database\BaseBuilder->get()
#5 C:\BarangayInformationSystem\system\BaseModel.php(675): CodeIgniter\Model->doFindAll(0, 0)
#6 C:\BarangayInformationSystem\app\Controllers\AdminController.php(843): CodeIgniter\BaseModel->findAll()
#7 C:\BarangayInformationSystem\system\CodeIgniter.php(933): App\Controllers\AdminController->lendItems()
#8 C:\BarangayInformationSystem\system\CodeIgniter.php(507): CodeIgniter\CodeIgniter->runController(Object(App\Controllers\AdminController))
#9 C:\BarangayInformationSystem\system\CodeIgniter.php(354): CodeIgniter\CodeIgniter->handleRequest(NULL, Object(Config\Cache), false)
#10 C:\BarangayInformationSystem\system\Boot.php(334): CodeIgniter\CodeIgniter->run()
#11 C:\BarangayInformationSystem\system\Boot.php(67): CodeIgniter\Boot::runCodeIgniter(Object(CodeIgniter\CodeIgniter))
#12 C:\BarangayInformationSystem\public\index.php(56): CodeIgniter\Boot::bootWeb(Object(Config\Paths))
#13 C:\BarangayInformationSystem\system\rewrite.php(44): require_once('C:\\BarangayInfo...')
#14 {main}
CRITICAL - 2025-04-09 18:59:44 --> CodeIgniter\Database\Exceptions\DatabaseException: Unknown column 'tbl_residents.fullname' in 'field list'
[Method: GET, Route: admin/lend-items]
in SYSTEMPATH\Database\BaseConnection.php on line 692.
 1 SYSTEMPATH\Database\BaseBuilder.php(1649): CodeIgniter\Database\BaseConnection->query('SELECT `tbl_lending`.*, `tbl_residents`.`fullname` as `borrower_name`, `tbl_residents`.`house_no`
FROM `tbl_lending`
JOIN `tbl_residents` ON `tbl_residents`.`id` = `tbl_lending`.`borrower_id`
WHERE `tbl_lending`.`status` = :tbl_lending.status:', [...], false)
 2 SYSTEMPATH\Model.php(286): CodeIgniter\Database\BaseBuilder->get()
 3 SYSTEMPATH\BaseModel.php(675): CodeIgniter\Model->doFindAll(0, 0)
 4 APPPATH\Controllers\AdminController.php(843): CodeIgniter\BaseModel->findAll()
 5 SYSTEMPATH\CodeIgniter.php(933): App\Controllers\AdminController->lendItems()
 6 SYSTEMPATH\CodeIgniter.php(507): CodeIgniter\CodeIgniter->runController(Object(App\Controllers\AdminController))
 7 SYSTEMPATH\CodeIgniter.php(354): CodeIgniter\CodeIgniter->handleRequest(null, Object(Config\Cache), false)
 8 SYSTEMPATH\Boot.php(334): CodeIgniter\CodeIgniter->run()
 9 SYSTEMPATH\Boot.php(67): CodeIgniter\Boot::runCodeIgniter(Object(CodeIgniter\CodeIgniter))
10 FCPATH\index.php(56): CodeIgniter\Boot::bootWeb(Object(Config\Paths))
11 SYSTEMPATH\rewrite.php(44): require_once('C:\\BarangayInformationSystem\\public\\index.php')
CRITICAL - 2025-04-09 18:59:44 --> [Caused by] CodeIgniter\Database\Exceptions\DatabaseException: Unknown column 'tbl_residents.fullname' in 'field list'
in SYSTEMPATH\Database\MySQLi\Connection.php on line 332.
 1 SYSTEMPATH\Database\BaseConnection.php(738): CodeIgniter\Database\MySQLi\Connection->execute('SELECT `tbl_lending`.*, `tbl_residents`.`fullname` as `borrower_name`, `tbl_residents`.`house_no`
FROM `tbl_lending`
JOIN `tbl_residents` ON `tbl_residents`.`id` = `tbl_lending`.`borrower_id`
WHERE `tbl_lending`.`status` = 1')
 2 SYSTEMPATH\Database\BaseConnection.php(652): CodeIgniter\Database\BaseConnection->simpleQuery('SELECT `tbl_lending`.*, `tbl_residents`.`fullname` as `borrower_name`, `tbl_residents`.`house_no`
FROM `tbl_lending`
JOIN `tbl_residents` ON `tbl_residents`.`id` = `tbl_lending`.`borrower_id`
WHERE `tbl_lending`.`status` = 1')
 3 SYSTEMPATH\Database\BaseBuilder.php(1649): CodeIgniter\Database\BaseConnection->query('SELECT `tbl_lending`.*, `tbl_residents`.`fullname` as `borrower_name`, `tbl_residents`.`house_no`
FROM `tbl_lending`
JOIN `tbl_residents` ON `tbl_residents`.`id` = `tbl_lending`.`borrower_id`
WHERE `tbl_lending`.`status` = :tbl_lending.status:', [...], false)
 4 SYSTEMPATH\Model.php(286): CodeIgniter\Database\BaseBuilder->get()
 5 SYSTEMPATH\BaseModel.php(675): CodeIgniter\Model->doFindAll(0, 0)
 6 APPPATH\Controllers\AdminController.php(843): CodeIgniter\BaseModel->findAll()
 7 SYSTEMPATH\CodeIgniter.php(933): App\Controllers\AdminController->lendItems()
 8 SYSTEMPATH\CodeIgniter.php(507): CodeIgniter\CodeIgniter->runController(Object(App\Controllers\AdminController))
 9 SYSTEMPATH\CodeIgniter.php(354): CodeIgniter\CodeIgniter->handleRequest(null, Object(Config\Cache), false)
10 SYSTEMPATH\Boot.php(334): CodeIgniter\CodeIgniter->run()
11 SYSTEMPATH\Boot.php(67): CodeIgniter\Boot::runCodeIgniter(Object(CodeIgniter\CodeIgniter))
12 FCPATH\index.php(56): CodeIgniter\Boot::bootWeb(Object(Config\Paths))
13 SYSTEMPATH\rewrite.php(44): require_once('C:\\BarangayInformationSystem\\public\\index.php')
CRITICAL - 2025-04-09 18:59:44 --> [Caused by] mysqli_sql_exception: Unknown column 'tbl_residents.fullname' in 'field list'
in SYSTEMPATH\Database\MySQLi\Connection.php on line 327.
 1 SYSTEMPATH\Database\MySQLi\Connection.php(327): mysqli->query('SELECT `tbl_lending`.*, `tbl_residents`.`fullname` as `borrower_name`, `tbl_residents`.`house_no`
FROM `tbl_lending`
JOIN `tbl_residents` ON `tbl_residents`.`id` = `tbl_lending`.`borrower_id`
WHERE `tbl_lending`.`status` = 1', 0)
 2 SYSTEMPATH\Database\BaseConnection.php(738): CodeIgniter\Database\MySQLi\Connection->execute('SELECT `tbl_lending`.*, `tbl_residents`.`fullname` as `borrower_name`, `tbl_residents`.`house_no`
FROM `tbl_lending`
JOIN `tbl_residents` ON `tbl_residents`.`id` = `tbl_lending`.`borrower_id`
WHERE `tbl_lending`.`status` = 1')
 3 SYSTEMPATH\Database\BaseConnection.php(652): CodeIgniter\Database\BaseConnection->simpleQuery('SELECT `tbl_lending`.*, `tbl_residents`.`fullname` as `borrower_name`, `tbl_residents`.`house_no`
FROM `tbl_lending`
JOIN `tbl_residents` ON `tbl_residents`.`id` = `tbl_lending`.`borrower_id`
WHERE `tbl_lending`.`status` = 1')
 4 SYSTEMPATH\Database\BaseBuilder.php(1649): CodeIgniter\Database\BaseConnection->query('SELECT `tbl_lending`.*, `tbl_residents`.`fullname` as `borrower_name`, `tbl_residents`.`house_no`
FROM `tbl_lending`
JOIN `tbl_residents` ON `tbl_residents`.`id` = `tbl_lending`.`borrower_id`
WHERE `tbl_lending`.`status` = :tbl_lending.status:', [...], false)
 5 SYSTEMPATH\Model.php(286): CodeIgniter\Database\BaseBuilder->get()
 6 SYSTEMPATH\BaseModel.php(675): CodeIgniter\Model->doFindAll(0, 0)
 7 APPPATH\Controllers\AdminController.php(843): CodeIgniter\BaseModel->findAll()
 8 SYSTEMPATH\CodeIgniter.php(933): App\Controllers\AdminController->lendItems()
 9 SYSTEMPATH\CodeIgniter.php(507): CodeIgniter\CodeIgniter->runController(Object(App\Controllers\AdminController))
10 SYSTEMPATH\CodeIgniter.php(354): CodeIgniter\CodeIgniter->handleRequest(null, Object(Config\Cache), false)
11 SYSTEMPATH\Boot.php(334): CodeIgniter\CodeIgniter->run()
12 SYSTEMPATH\Boot.php(67): CodeIgniter\Boot::runCodeIgniter(Object(CodeIgniter\CodeIgniter))
13 FCPATH\index.php(56): CodeIgniter\Boot::bootWeb(Object(Config\Paths))
14 SYSTEMPATH\rewrite.php(44): require_once('C:\\BarangayInformationSystem\\public\\index.php')
DEBUG - 2025-04-09 19:00:46 --> Session: Class initialized using 'CodeIgniter\Session\Handlers\FileHandler' driver.
DEBUG - 2025-04-09 19:01:18 --> Session: Class initialized using 'CodeIgniter\Session\Handlers\FileHandler' driver.
DEBUG - 2025-04-09 19:03:45 --> Session: Class initialized using 'CodeIgniter\Session\Handlers\FileHandler' driver.
DEBUG - 2025-04-09 19:03:57 --> Session: Class initialized using 'CodeIgniter\Session\Handlers\FileHandler' driver.
DEBUG - 2025-04-09 19:16:53 --> Session: Class initialized using 'CodeIgniter\Session\Handlers\FileHandler' driver.
DEBUG - 2025-04-09 19:17:07 --> Session: Class initialized using 'CodeIgniter\Session\Handlers\FileHandler' driver.
DEBUG - 2025-04-09 19:17:31 --> Session: Class initialized using 'CodeIgniter\Session\Handlers\FileHandler' driver.
DEBUG - 2025-04-09 19:17:53 --> Session: Class initialized using 'CodeIgniter\Session\Handlers\FileHandler' driver.
DEBUG - 2025-04-09 19:18:20 --> Session: Class initialized using 'CodeIgniter\Session\Handlers\FileHandler' driver.
DEBUG - 2025-04-09 19:18:22 --> Session: Class initialized using 'CodeIgniter\Session\Handlers\FileHandler' driver.
DEBUG - 2025-04-09 19:18:34 --> Session: Class initialized using 'CodeIgniter\Session\Handlers\FileHandler' driver.
DEBUG - 2025-04-09 19:18:51 --> Session: Class initialized using 'CodeIgniter\Session\Handlers\FileHandler' driver.
DEBUG - 2025-04-09 19:19:23 --> Received Data: Array
(
    [0] => Array
        (
            [firstname] => Kyle
            [lastname] => C
            [middlename] => Korver
            [suffix] => 
            [contact_no] => 09323876554
            [birthdate] => 2025-04-10
            [birthplace] => 1
            [citizenship] => Afghan
            [gender] => Male
            [civil_status] => Married
            [occupation] => Developer
            [religion] => Catholic
            [is_pwd] => 0
            [is_voter_of_barangay] => 0
            [is_family_head] => 1
            [household_name] => Korver
            [house_no] => 0091
            [street] => Kyle Korver
            [contact_name] => Kyle Korver
            [emergency_contact_no] => Kyle Korver
            [contact_relationship] => Kyle Korver
            [status] => 1
        )

)

DEBUG - 2025-04-09 19:19:42 --> Session: Class initialized using 'CodeIgniter\Session\Handlers\FileHandler' driver.
DEBUG - 2025-04-09 19:19:44 --> Session: Class initialized using 'CodeIgniter\Session\Handlers\FileHandler' driver.
DEBUG - 2025-04-09 19:19:55 --> Session: Class initialized using 'CodeIgniter\Session\Handlers\FileHandler' driver.
DEBUG - 2025-04-09 19:20:17 --> Session: Class initialized using 'CodeIgniter\Session\Handlers\FileHandler' driver.
DEBUG - 2025-04-09 19:23:34 --> Session: Class initialized using 'CodeIgniter\Session\Handlers\FileHandler' driver.
DEBUG - 2025-04-09 19:23:45 --> Session: Class initialized using 'CodeIgniter\Session\Handlers\FileHandler' driver.
DEBUG - 2025-04-09 19:24:14 --> Session: Class initialized using 'CodeIgniter\Session\Handlers\FileHandler' driver.
DEBUG - 2025-04-09 19:24:23 --> Session: Class initialized using 'CodeIgniter\Session\Handlers\FileHandler' driver.
