DEBUG - 2025-04-14 07:11:15 --> Session: Class initialized using 'CodeIgniter\Session\Handlers\FileHandler' driver.
DEBUG - 2025-04-14 07:11:21 --> Session: Class initialized using 'CodeIgniter\Session\Handlers\FileHandler' driver.
DEBUG - 2025-04-14 07:11:21 --> Session: Class initialized using 'CodeIgniter\Session\Handlers\FileHandler' driver.
DEBUG - 2025-04-14 07:11:24 --> Session: Class initialized using 'CodeIgniter\Session\Handlers\FileHandler' driver.
DEBUG - 2025-04-14 07:11:46 --> Session: Class initialized using 'CodeIgniter\Session\Handlers\FileHandler' driver.
DEBUG - 2025-04-14 07:29:28 --> Session: Class initialized using 'CodeIgniter\Session\Handlers\FileHandler' driver.
DEBUG - 2025-04-14 07:31:01 --> Session: Class initialized using 'CodeIgniter\Session\Handlers\FileHandler' driver.
DEBUG - 2025-04-14 07:34:04 --> Session: Class initialized using 'CodeIgniter\Session\Handlers\FileHandler' driver.
DEBUG - 2025-04-14 07:35:41 --> Session: Class initialized using 'CodeIgniter\Session\Handlers\FileHandler' driver.
DEBUG - 2025-04-14 07:38:35 --> Session: Class initialized using 'CodeIgniter\Session\Handlers\FileHandler' driver.
DEBUG - 2025-04-14 07:38:47 --> Session: Class initialized using 'CodeIgniter\Session\Handlers\FileHandler' driver.
DEBUG - 2025-04-14 07:38:51 --> Session: Class initialized using 'CodeIgniter\Session\Handlers\FileHandler' driver.
DEBUG - 2025-04-14 07:39:42 --> Received Data: Array
(
    [0] => Array
        (
            [firstname] => test
            [lastname] => te
            [middlename] => te
            [suffix] => Sr.
            [contact_no] => 123123
            [birthdate] => 2025-04-08
            [birthplace] => 123
            [citizenship] => Filipino
            [gender] => Male
            [civil_status] => Single
            [occupation] => Developer
            [religion] => Catholic
            [is_pwd] => 1
            [is_voter_of_barangay] => 1
            [is_family_head] => 0
            [household_name] => Dumaplin
            [house_no] => 41
            [street] => Crismor Avenue
            [contact_name] => nailyn del mundo
            [emergency_contact_no] => 123
            [contact_relationship] => 123
            [status] => 1
        )

)

DEBUG - 2025-04-14 07:39:46 --> Session: Class initialized using 'CodeIgniter\Session\Handlers\FileHandler' driver.
DEBUG - 2025-04-14 07:50:17 --> Received Data: Array
(
    [0] => Array
        (
            [firstname] => test
            [lastname] => test
            [middlename] => test
            [suffix] => 
            [contact_no] => test
            [birthdate] => 2025-04-04
            [birthplace] => test
            [citizenship] => Filipino
            [gender] => Male
            [civil_status] => Single
            [occupation] => tet
            [religion] => test
            [is_pwd] => 1
            [is_voter_of_barangay] => 0
            [is_family_head] => 0
            [household_name] => test
            [house_no] => 4
            [street] => 123
            [contact_name] => test
            [emergency_contact_no] => test
            [contact_relationship] => test
            [status] => 1
        )

)

DEBUG - 2025-04-14 07:50:45 --> Session: Class initialized using 'CodeIgniter\Session\Handlers\FileHandler' driver.
DEBUG - 2025-04-14 07:52:53 --> Received Data: Array
(
    [0] => Array
        (
            [firstname] => testXXXX
            [lastname] => test
            [middlename] => test
            [suffix] => Jr.
            [contact_no] => test
            [birthdate] => 2025-04-01
            [birthplace] => XXXXXXXX
            [citizenship] => Filipino
            [gender] => Male
            [civil_status] => Single
            [occupation] => XXXXXXXXXXXXXXXXXXXX
            [religion] => XXXXXXX
            [is_pwd] => 0
            [is_voter_of_barangay] => 0
            [is_family_head] => 1
            [household_name] => XXX
            [house_no] => 4
            [street] => 123
            [contact_name] => X
            [emergency_contact_no] => X
            [contact_relationship] => X
            [status] => 1
        )

)

DEBUG - 2025-04-14 07:53:02 --> Session: Class initialized using 'CodeIgniter\Session\Handlers\FileHandler' driver.
DEBUG - 2025-04-14 07:53:47 --> Received Data: Array
(
    [0] => Array
        (
            [firstname] => TESTXZ
            [lastname] => Z
            [middlename] => Z
            [suffix] => 
            [contact_no] => Z
            [birthdate] => 2025-04-14
            [birthplace] => Z
            [citizenship] => Filipino
            [gender] => Male
            [civil_status] => Single
            [occupation] => Z
            [religion] => Z
            [is_pwd] => 0
            [is_voter_of_barangay] => 0
            [is_family_head] => 1
            [household_name] => Z
            [house_no] => 4
            [street] => 123
            [contact_name] => Z
            [emergency_contact_no] => Z
            [contact_relationship] => Z
            [status] => 1
        )

)

DEBUG - 2025-04-14 08:03:46 --> Session: Class initialized using 'CodeIgniter\Session\Handlers\FileHandler' driver.
ERROR - 2025-04-14 08:04:11 --> mysqli_sql_exception: Unknown column 'borrower_desc' in 'field list' in C:\barangayInformationSystem\system\Database\MySQLi\Connection.php:327
Stack trace:
#0 C:\barangayInformationSystem\system\Database\MySQLi\Connection.php(327): mysqli->query('INSERT INTO `tb...', 0)
#1 C:\barangayInformationSystem\system\Database\BaseConnection.php(738): CodeIgniter\Database\MySQLi\Connection->execute('INSERT INTO `tb...')
#2 C:\barangayInformationSystem\system\Database\BaseConnection.php(652): CodeIgniter\Database\BaseConnection->simpleQuery('INSERT INTO `tb...')
#3 C:\barangayInformationSystem\system\Database\BaseBuilder.php(2345): CodeIgniter\Database\BaseConnection->query('INSERT INTO `tb...', Array, false)
#4 C:\barangayInformationSystem\system\Model.php(394): CodeIgniter\Database\BaseBuilder->insert()
#5 C:\barangayInformationSystem\system\BaseModel.php(839): CodeIgniter\Model->doInsert(Array)
#6 C:\barangayInformationSystem\system\Model.php(800): CodeIgniter\BaseModel->insert(Array, true)
#7 C:\barangayInformationSystem\app\Controllers\AdminController.php(1054): CodeIgniter\Model->insert(Array)
#8 C:\barangayInformationSystem\system\CodeIgniter.php(933): App\Controllers\AdminController->newLending()
#9 C:\barangayInformationSystem\system\CodeIgniter.php(507): CodeIgniter\CodeIgniter->runController(Object(App\Controllers\AdminController))
#10 C:\barangayInformationSystem\system\CodeIgniter.php(354): CodeIgniter\CodeIgniter->handleRequest(NULL, Object(Config\Cache), false)
#11 C:\barangayInformationSystem\system\Boot.php(334): CodeIgniter\CodeIgniter->run()
#12 C:\barangayInformationSystem\system\Boot.php(67): CodeIgniter\Boot::runCodeIgniter(Object(CodeIgniter\CodeIgniter))
#13 C:\barangayInformationSystem\public\index.php(56): CodeIgniter\Boot::bootWeb(Object(Config\Paths))
#14 C:\barangayInformationSystem\system\rewrite.php(44): require_once('C:\\barangayInfo...')
#15 {main}
CRITICAL - 2025-04-14 08:04:11 --> CodeIgniter\Database\Exceptions\DatabaseException: Unknown column 'borrower_desc' in 'field list'
[Method: POST, Route: admin/new-lending]
in SYSTEMPATH\Database\BaseConnection.php on line 692.
 1 SYSTEMPATH\Database\BaseBuilder.php(2345): CodeIgniter\Database\BaseConnection->query('INSERT INTO `tbl_lending` (`item_id`, `item_name`, `borrower_id`, `borrowed_quantity`, `borrower_desc`, `status`, `date_borrowed`, `created_at`, `updated_at`) VALUES (:item_id:, :item_name:, :borrower_id:, :borrowed_quantity:, :borrower_desc:, :status:, :date_borrowed:, :created_at:, :updated_at:)', [...], false)
 2 SYSTEMPATH\Model.php(394): CodeIgniter\Database\BaseBuilder->insert()
 3 SYSTEMPATH\BaseModel.php(839): CodeIgniter\Model->doInsert([...])
 4 SYSTEMPATH\Model.php(800): CodeIgniter\BaseModel->insert([...], true)
 5 APPPATH\Controllers\AdminController.php(1054): CodeIgniter\Model->insert([...])
 6 SYSTEMPATH\CodeIgniter.php(933): App\Controllers\AdminController->newLending()
 7 SYSTEMPATH\CodeIgniter.php(507): CodeIgniter\CodeIgniter->runController(Object(App\Controllers\AdminController))
 8 SYSTEMPATH\CodeIgniter.php(354): CodeIgniter\CodeIgniter->handleRequest(null, Object(Config\Cache), false)
 9 SYSTEMPATH\Boot.php(334): CodeIgniter\CodeIgniter->run()
10 SYSTEMPATH\Boot.php(67): CodeIgniter\Boot::runCodeIgniter(Object(CodeIgniter\CodeIgniter))
11 FCPATH\index.php(56): CodeIgniter\Boot::bootWeb(Object(Config\Paths))
12 SYSTEMPATH\rewrite.php(44): require_once('C:\\barangayInformationSystem\\public\\index.php')
CRITICAL - 2025-04-14 08:04:11 --> [Caused by] CodeIgniter\Database\Exceptions\DatabaseException: Unknown column 'borrower_desc' in 'field list'
in SYSTEMPATH\Database\MySQLi\Connection.php on line 332.
 1 SYSTEMPATH\Database\BaseConnection.php(738): CodeIgniter\Database\MySQLi\Connection->execute('INSERT INTO `tbl_lending` (`item_id`, `item_name`, `borrower_id`, `borrowed_quantity`, `borrower_desc`, `status`, `date_borrowed`, `created_at`, `updated_at`) VALUES (\'35\', \'Upuan\', \'24\', \'5\', \'For birthday\', \'1\', \'2025-04-14\', \'2025-04-14 08:04:11\', \'2025-04-14 08:04:11\')')
 2 SYSTEMPATH\Database\BaseConnection.php(652): CodeIgniter\Database\BaseConnection->simpleQuery('INSERT INTO `tbl_lending` (`item_id`, `item_name`, `borrower_id`, `borrowed_quantity`, `borrower_desc`, `status`, `date_borrowed`, `created_at`, `updated_at`) VALUES (\'35\', \'Upuan\', \'24\', \'5\', \'For birthday\', \'1\', \'2025-04-14\', \'2025-04-14 08:04:11\', \'2025-04-14 08:04:11\')')
 3 SYSTEMPATH\Database\BaseBuilder.php(2345): CodeIgniter\Database\BaseConnection->query('INSERT INTO `tbl_lending` (`item_id`, `item_name`, `borrower_id`, `borrowed_quantity`, `borrower_desc`, `status`, `date_borrowed`, `created_at`, `updated_at`) VALUES (:item_id:, :item_name:, :borrower_id:, :borrowed_quantity:, :borrower_desc:, :status:, :date_borrowed:, :created_at:, :updated_at:)', [...], false)
 4 SYSTEMPATH\Model.php(394): CodeIgniter\Database\BaseBuilder->insert()
 5 SYSTEMPATH\BaseModel.php(839): CodeIgniter\Model->doInsert([...])
 6 SYSTEMPATH\Model.php(800): CodeIgniter\BaseModel->insert([...], true)
 7 APPPATH\Controllers\AdminController.php(1054): CodeIgniter\Model->insert([...])
 8 SYSTEMPATH\CodeIgniter.php(933): App\Controllers\AdminController->newLending()
 9 SYSTEMPATH\CodeIgniter.php(507): CodeIgniter\CodeIgniter->runController(Object(App\Controllers\AdminController))
10 SYSTEMPATH\CodeIgniter.php(354): CodeIgniter\CodeIgniter->handleRequest(null, Object(Config\Cache), false)
11 SYSTEMPATH\Boot.php(334): CodeIgniter\CodeIgniter->run()
12 SYSTEMPATH\Boot.php(67): CodeIgniter\Boot::runCodeIgniter(Object(CodeIgniter\CodeIgniter))
13 FCPATH\index.php(56): CodeIgniter\Boot::bootWeb(Object(Config\Paths))
14 SYSTEMPATH\rewrite.php(44): require_once('C:\\barangayInformationSystem\\public\\index.php')
CRITICAL - 2025-04-14 08:04:11 --> [Caused by] mysqli_sql_exception: Unknown column 'borrower_desc' in 'field list'
in SYSTEMPATH\Database\MySQLi\Connection.php on line 327.
 1 SYSTEMPATH\Database\MySQLi\Connection.php(327): mysqli->query('INSERT INTO `tbl_lending` (`item_id`, `item_name`, `borrower_id`, `borrowed_quantity`, `borrower_desc`, `status`, `date_borrowed`, `created_at`, `updated_at`) VALUES (\'35\', \'Upuan\', \'24\', \'5\', \'For birthday\', \'1\', \'2025-04-14\', \'2025-04-14 08:04:11\', \'2025-04-14 08:04:11\')', 0)
 2 SYSTEMPATH\Database\BaseConnection.php(738): CodeIgniter\Database\MySQLi\Connection->execute('INSERT INTO `tbl_lending` (`item_id`, `item_name`, `borrower_id`, `borrowed_quantity`, `borrower_desc`, `status`, `date_borrowed`, `created_at`, `updated_at`) VALUES (\'35\', \'Upuan\', \'24\', \'5\', \'For birthday\', \'1\', \'2025-04-14\', \'2025-04-14 08:04:11\', \'2025-04-14 08:04:11\')')
 3 SYSTEMPATH\Database\BaseConnection.php(652): CodeIgniter\Database\BaseConnection->simpleQuery('INSERT INTO `tbl_lending` (`item_id`, `item_name`, `borrower_id`, `borrowed_quantity`, `borrower_desc`, `status`, `date_borrowed`, `created_at`, `updated_at`) VALUES (\'35\', \'Upuan\', \'24\', \'5\', \'For birthday\', \'1\', \'2025-04-14\', \'2025-04-14 08:04:11\', \'2025-04-14 08:04:11\')')
 4 SYSTEMPATH\Database\BaseBuilder.php(2345): CodeIgniter\Database\BaseConnection->query('INSERT INTO `tbl_lending` (`item_id`, `item_name`, `borrower_id`, `borrowed_quantity`, `borrower_desc`, `status`, `date_borrowed`, `created_at`, `updated_at`) VALUES (:item_id:, :item_name:, :borrower_id:, :borrowed_quantity:, :borrower_desc:, :status:, :date_borrowed:, :created_at:, :updated_at:)', [...], false)
 5 SYSTEMPATH\Model.php(394): CodeIgniter\Database\BaseBuilder->insert()
 6 SYSTEMPATH\BaseModel.php(839): CodeIgniter\Model->doInsert([...])
 7 SYSTEMPATH\Model.php(800): CodeIgniter\BaseModel->insert([...], true)
 8 APPPATH\Controllers\AdminController.php(1054): CodeIgniter\Model->insert([...])
 9 SYSTEMPATH\CodeIgniter.php(933): App\Controllers\AdminController->newLending()
10 SYSTEMPATH\CodeIgniter.php(507): CodeIgniter\CodeIgniter->runController(Object(App\Controllers\AdminController))
11 SYSTEMPATH\CodeIgniter.php(354): CodeIgniter\CodeIgniter->handleRequest(null, Object(Config\Cache), false)
12 SYSTEMPATH\Boot.php(334): CodeIgniter\CodeIgniter->run()
13 SYSTEMPATH\Boot.php(67): CodeIgniter\Boot::runCodeIgniter(Object(CodeIgniter\CodeIgniter))
14 FCPATH\index.php(56): CodeIgniter\Boot::bootWeb(Object(Config\Paths))
15 SYSTEMPATH\rewrite.php(44): require_once('C:\\barangayInformationSystem\\public\\index.php')
DEBUG - 2025-04-14 08:05:00 --> Session: Class initialized using 'CodeIgniter\Session\Handlers\FileHandler' driver.
DEBUG - 2025-04-14 08:17:28 --> Session: Class initialized using 'CodeIgniter\Session\Handlers\FileHandler' driver.
DEBUG - 2025-04-14 08:17:33 --> Session: Class initialized using 'CodeIgniter\Session\Handlers\FileHandler' driver.
DEBUG - 2025-04-14 08:17:36 --> Session: Class initialized using 'CodeIgniter\Session\Handlers\FileHandler' driver.
DEBUG - 2025-04-14 08:17:38 --> Session: Class initialized using 'CodeIgniter\Session\Handlers\FileHandler' driver.
DEBUG - 2025-04-14 08:18:40 --> Session: Class initialized using 'CodeIgniter\Session\Handlers\FileHandler' driver.
DEBUG - 2025-04-14 08:18:47 --> Session: Class initialized using 'CodeIgniter\Session\Handlers\FileHandler' driver.
DEBUG - 2025-04-14 08:18:50 --> Session: Class initialized using 'CodeIgniter\Session\Handlers\FileHandler' driver.
DEBUG - 2025-04-14 08:18:52 --> Session: Class initialized using 'CodeIgniter\Session\Handlers\FileHandler' driver.
DEBUG - 2025-04-14 08:18:53 --> Session: Class initialized using 'CodeIgniter\Session\Handlers\FileHandler' driver.
DEBUG - 2025-04-14 08:18:59 --> Session: Class initialized using 'CodeIgniter\Session\Handlers\FileHandler' driver.
DEBUG - 2025-04-14 08:19:24 --> Session: Class initialized using 'CodeIgniter\Session\Handlers\FileHandler' driver.
DEBUG - 2025-04-14 08:19:32 --> Session: Class initialized using 'CodeIgniter\Session\Handlers\FileHandler' driver.
DEBUG - 2025-04-14 08:19:57 --> Session: Class initialized using 'CodeIgniter\Session\Handlers\FileHandler' driver.
DEBUG - 2025-04-14 08:20:15 --> Session: Class initialized using 'CodeIgniter\Session\Handlers\FileHandler' driver.
DEBUG - 2025-04-14 08:21:02 --> Session: Class initialized using 'CodeIgniter\Session\Handlers\FileHandler' driver.
DEBUG - 2025-04-14 08:21:30 --> Session: Class initialized using 'CodeIgniter\Session\Handlers\FileHandler' driver.
DEBUG - 2025-04-14 08:22:03 --> Session: Class initialized using 'CodeIgniter\Session\Handlers\FileHandler' driver.
DEBUG - 2025-04-14 08:22:08 --> Session: Class initialized using 'CodeIgniter\Session\Handlers\FileHandler' driver.
DEBUG - 2025-04-14 08:22:12 --> Session: Class initialized using 'CodeIgniter\Session\Handlers\FileHandler' driver.
DEBUG - 2025-04-14 08:23:12 --> Session: Class initialized using 'CodeIgniter\Session\Handlers\FileHandler' driver.
DEBUG - 2025-04-14 08:23:13 --> Session: Class initialized using 'CodeIgniter\Session\Handlers\FileHandler' driver.
DEBUG - 2025-04-14 08:27:34 --> Session: Class initialized using 'CodeIgniter\Session\Handlers\FileHandler' driver.
DEBUG - 2025-04-14 08:28:28 --> Session: Class initialized using 'CodeIgniter\Session\Handlers\FileHandler' driver.
DEBUG - 2025-04-14 08:28:42 --> Session: Class initialized using 'CodeIgniter\Session\Handlers\FileHandler' driver.
DEBUG - 2025-04-14 08:29:20 --> Session: Class initialized using 'CodeIgniter\Session\Handlers\FileHandler' driver.
DEBUG - 2025-04-14 08:30:33 --> Session: Class initialized using 'CodeIgniter\Session\Handlers\FileHandler' driver.
DEBUG - 2025-04-14 08:30:42 --> Session: Class initialized using 'CodeIgniter\Session\Handlers\FileHandler' driver.
DEBUG - 2025-04-14 08:30:53 --> Session: Class initialized using 'CodeIgniter\Session\Handlers\FileHandler' driver.
DEBUG - 2025-04-14 08:33:09 --> Session: Class initialized using 'CodeIgniter\Session\Handlers\FileHandler' driver.
DEBUG - 2025-04-14 08:33:56 --> Session: Class initialized using 'CodeIgniter\Session\Handlers\FileHandler' driver.
DEBUG - 2025-04-14 08:34:13 --> Session: Class initialized using 'CodeIgniter\Session\Handlers\FileHandler' driver.
DEBUG - 2025-04-14 08:35:43 --> Session: Class initialized using 'CodeIgniter\Session\Handlers\FileHandler' driver.
DEBUG - 2025-04-14 08:35:52 --> Session: Class initialized using 'CodeIgniter\Session\Handlers\FileHandler' driver.
DEBUG - 2025-04-14 08:36:26 --> Session: Class initialized using 'CodeIgniter\Session\Handlers\FileHandler' driver.
DEBUG - 2025-04-14 08:36:38 --> Session: Class initialized using 'CodeIgniter\Session\Handlers\FileHandler' driver.
DEBUG - 2025-04-14 08:36:42 --> Session: Class initialized using 'CodeIgniter\Session\Handlers\FileHandler' driver.
DEBUG - 2025-04-14 08:37:01 --> Session: Class initialized using 'CodeIgniter\Session\Handlers\FileHandler' driver.
DEBUG - 2025-04-14 08:37:41 --> Session: Class initialized using 'CodeIgniter\Session\Handlers\FileHandler' driver.
DEBUG - 2025-04-14 08:37:53 --> Session: Class initialized using 'CodeIgniter\Session\Handlers\FileHandler' driver.
DEBUG - 2025-04-14 08:40:14 --> Session: Class initialized using 'CodeIgniter\Session\Handlers\FileHandler' driver.
DEBUG - 2025-04-14 08:40:24 --> Session: Class initialized using 'CodeIgniter\Session\Handlers\FileHandler' driver.
DEBUG - 2025-04-14 08:40:26 --> Session: Class initialized using 'CodeIgniter\Session\Handlers\FileHandler' driver.
DEBUG - 2025-04-14 08:40:36 --> Session: Class initialized using 'CodeIgniter\Session\Handlers\FileHandler' driver.
DEBUG - 2025-04-14 08:40:51 --> Session: Class initialized using 'CodeIgniter\Session\Handlers\FileHandler' driver.
DEBUG - 2025-04-14 08:41:00 --> Session: Class initialized using 'CodeIgniter\Session\Handlers\FileHandler' driver.
DEBUG - 2025-04-14 08:41:31 --> Session: Class initialized using 'CodeIgniter\Session\Handlers\FileHandler' driver.
DEBUG - 2025-04-14 08:42:03 --> Session: Class initialized using 'CodeIgniter\Session\Handlers\FileHandler' driver.
DEBUG - 2025-04-14 08:42:25 --> Session: Class initialized using 'CodeIgniter\Session\Handlers\FileHandler' driver.
DEBUG - 2025-04-14 08:42:50 --> Session: Class initialized using 'CodeIgniter\Session\Handlers\FileHandler' driver.
DEBUG - 2025-04-14 08:43:37 --> Session: Class initialized using 'CodeIgniter\Session\Handlers\FileHandler' driver.
DEBUG - 2025-04-14 08:44:34 --> Session: Class initialized using 'CodeIgniter\Session\Handlers\FileHandler' driver.
DEBUG - 2025-04-14 08:44:41 --> Session: Class initialized using 'CodeIgniter\Session\Handlers\FileHandler' driver.
DEBUG - 2025-04-14 08:44:43 --> Session: Class initialized using 'CodeIgniter\Session\Handlers\FileHandler' driver.
DEBUG - 2025-04-14 08:44:44 --> Session: Class initialized using 'CodeIgniter\Session\Handlers\FileHandler' driver.
DEBUG - 2025-04-14 08:44:46 --> Session: Class initialized using 'CodeIgniter\Session\Handlers\FileHandler' driver.
DEBUG - 2025-04-14 08:44:49 --> Session: Class initialized using 'CodeIgniter\Session\Handlers\FileHandler' driver.
DEBUG - 2025-04-14 08:44:50 --> Session: Class initialized using 'CodeIgniter\Session\Handlers\FileHandler' driver.
DEBUG - 2025-04-14 08:45:01 --> Session: Class initialized using 'CodeIgniter\Session\Handlers\FileHandler' driver.
DEBUG - 2025-04-14 08:45:10 --> Session: Class initialized using 'CodeIgniter\Session\Handlers\FileHandler' driver.
DEBUG - 2025-04-14 08:45:14 --> Session: Class initialized using 'CodeIgniter\Session\Handlers\FileHandler' driver.
DEBUG - 2025-04-14 08:46:56 --> Session: Class initialized using 'CodeIgniter\Session\Handlers\FileHandler' driver.
DEBUG - 2025-04-14 08:47:37 --> Session: Class initialized using 'CodeIgniter\Session\Handlers\FileHandler' driver.
DEBUG - 2025-04-14 08:48:10 --> Session: Class initialized using 'CodeIgniter\Session\Handlers\FileHandler' driver.
DEBUG - 2025-04-14 08:48:19 --> Session: Class initialized using 'CodeIgniter\Session\Handlers\FileHandler' driver.
DEBUG - 2025-04-14 08:48:43 --> Session: Class initialized using 'CodeIgniter\Session\Handlers\FileHandler' driver.
DEBUG - 2025-04-14 08:48:44 --> Session: Class initialized using 'CodeIgniter\Session\Handlers\FileHandler' driver.
DEBUG - 2025-04-14 08:48:45 --> Session: Class initialized using 'CodeIgniter\Session\Handlers\FileHandler' driver.
DEBUG - 2025-04-14 08:49:00 --> Session: Class initialized using 'CodeIgniter\Session\Handlers\FileHandler' driver.
DEBUG - 2025-04-14 08:49:09 --> Session: Class initialized using 'CodeIgniter\Session\Handlers\FileHandler' driver.
DEBUG - 2025-04-14 08:49:26 --> Session: Class initialized using 'CodeIgniter\Session\Handlers\FileHandler' driver.
DEBUG - 2025-04-14 08:49:56 --> Session: Class initialized using 'CodeIgniter\Session\Handlers\FileHandler' driver.
DEBUG - 2025-04-14 08:50:06 --> Session: Class initialized using 'CodeIgniter\Session\Handlers\FileHandler' driver.
DEBUG - 2025-04-14 08:50:07 --> Session: Class initialized using 'CodeIgniter\Session\Handlers\FileHandler' driver.
DEBUG - 2025-04-14 08:50:44 --> Session: Class initialized using 'CodeIgniter\Session\Handlers\FileHandler' driver.
DEBUG - 2025-04-14 08:50:50 --> Session: Class initialized using 'CodeIgniter\Session\Handlers\FileHandler' driver.
DEBUG - 2025-04-14 08:50:55 --> Session: Class initialized using 'CodeIgniter\Session\Handlers\FileHandler' driver.
DEBUG - 2025-04-14 08:50:58 --> Session: Class initialized using 'CodeIgniter\Session\Handlers\FileHandler' driver.
DEBUG - 2025-04-14 08:50:59 --> Session: Class initialized using 'CodeIgniter\Session\Handlers\FileHandler' driver.
DEBUG - 2025-04-14 08:51:02 --> Session: Class initialized using 'CodeIgniter\Session\Handlers\FileHandler' driver.
DEBUG - 2025-04-14 08:51:29 --> Session: Class initialized using 'CodeIgniter\Session\Handlers\FileHandler' driver.
DEBUG - 2025-04-14 08:51:32 --> Session: Class initialized using 'CodeIgniter\Session\Handlers\FileHandler' driver.
DEBUG - 2025-04-14 08:51:34 --> Session: Class initialized using 'CodeIgniter\Session\Handlers\FileHandler' driver.
DEBUG - 2025-04-14 08:51:46 --> Session: Class initialized using 'CodeIgniter\Session\Handlers\FileHandler' driver.
DEBUG - 2025-04-14 08:51:52 --> Session: Class initialized using 'CodeIgniter\Session\Handlers\FileHandler' driver.
DEBUG - 2025-04-14 08:58:42 --> Session: Class initialized using 'CodeIgniter\Session\Handlers\FileHandler' driver.
DEBUG - 2025-04-14 08:58:44 --> Session: Class initialized using 'CodeIgniter\Session\Handlers\FileHandler' driver.
DEBUG - 2025-04-14 08:58:46 --> Session: Class initialized using 'CodeIgniter\Session\Handlers\FileHandler' driver.
DEBUG - 2025-04-14 09:00:53 --> Session: Class initialized using 'CodeIgniter\Session\Handlers\FileHandler' driver.
DEBUG - 2025-04-14 09:00:55 --> Session: Class initialized using 'CodeIgniter\Session\Handlers\FileHandler' driver.
DEBUG - 2025-04-14 09:00:56 --> Session: Class initialized using 'CodeIgniter\Session\Handlers\FileHandler' driver.
DEBUG - 2025-04-14 09:02:49 --> Received Data: Array
(
    [0] => Array
        (
            [firstname] => John
            [lastname] => Doe
            [middlename] => B
            [suffix] => 
            [contact_no] => 09999999999
            [birthdate] => 1995-06-14
            [birthplace] => City of San Pedro, Laguna
            [citizenship] => Filipino
            [gender] => Male
            [civil_status] => Single
            [occupation] => Teller
            [religion] => Catholic
            [is_pwd] => 0
            [is_voter_of_barangay] => 1
            [is_family_head] => 1
            [household_name] => Doe
            [house_no] => 43
            [street] => Pacita Avenue
            [contact_name] => Johnny Go
            [emergency_contact_no] => 09888888888
            [contact_relationship] => Friend
            [status] => 1
        )

)

DEBUG - 2025-04-14 09:03:26 --> Session: Class initialized using 'CodeIgniter\Session\Handlers\FileHandler' driver.
DEBUG - 2025-04-14 09:03:35 --> POST data: {"item_id":"34","current_image":"1744246357_c3b9d7f2849a964e1c22.jpg","view_asset_name":"Walis","view_asset_quantity":"50"}
DEBUG - 2025-04-14 09:03:35 --> FILES data: []
DEBUG - 2025-04-14 09:03:35 --> No valid file uploaded, keeping current image
DEBUG - 2025-04-14 09:03:40 --> POST data: {"item_id":"35","current_image":"1744246443_7039e88ca9e933e42ffd.jpg","view_asset_name":"Upuan","view_asset_quantity":"50"}
DEBUG - 2025-04-14 09:03:40 --> FILES data: []
DEBUG - 2025-04-14 09:03:40 --> No valid file uploaded, keeping current image
DEBUG - 2025-04-14 09:03:50 --> POST data: {"item_id":"36","current_image":"1744591073_b434f17d0e529f544fdb.jpg","view_asset_name":"Premium Chair","view_asset_quantity":"50"}
DEBUG - 2025-04-14 09:03:50 --> FILES data: []
DEBUG - 2025-04-14 09:03:50 --> No valid file uploaded, keeping current image
DEBUG - 2025-04-14 09:04:10 --> Session: Class initialized using 'CodeIgniter\Session\Handlers\FileHandler' driver.
DEBUG - 2025-04-14 09:04:38 --> Session: Class initialized using 'CodeIgniter\Session\Handlers\FileHandler' driver.
DEBUG - 2025-04-14 09:06:09 --> Session: Class initialized using 'CodeIgniter\Session\Handlers\FileHandler' driver.
DEBUG - 2025-04-14 09:06:41 --> Session: Class initialized using 'CodeIgniter\Session\Handlers\FileHandler' driver.
DEBUG - 2025-04-14 09:12:27 --> Session: Class initialized using 'CodeIgniter\Session\Handlers\FileHandler' driver.
DEBUG - 2025-04-14 09:18:18 --> Session: Class initialized using 'CodeIgniter\Session\Handlers\FileHandler' driver.
DEBUG - 2025-04-14 09:18:20 --> Session: Class initialized using 'CodeIgniter\Session\Handlers\FileHandler' driver.
DEBUG - 2025-04-14 09:18:24 --> Session: Class initialized using 'CodeIgniter\Session\Handlers\FileHandler' driver.
DEBUG - 2025-04-14 09:18:48 --> Session: Class initialized using 'CodeIgniter\Session\Handlers\FileHandler' driver.
DEBUG - 2025-04-14 09:18:50 --> Session: Class initialized using 'CodeIgniter\Session\Handlers\FileHandler' driver.
DEBUG - 2025-04-14 09:19:27 --> Session: Class initialized using 'CodeIgniter\Session\Handlers\FileHandler' driver.
DEBUG - 2025-04-14 09:19:36 --> Session: Class initialized using 'CodeIgniter\Session\Handlers\FileHandler' driver.
DEBUG - 2025-04-14 09:19:54 --> Session: Class initialized using 'CodeIgniter\Session\Handlers\FileHandler' driver.
DEBUG - 2025-04-14 09:20:01 --> Session: Class initialized using 'CodeIgniter\Session\Handlers\FileHandler' driver.
DEBUG - 2025-04-14 09:26:00 --> Session: Class initialized using 'CodeIgniter\Session\Handlers\FileHandler' driver.
DEBUG - 2025-04-14 09:31:42 --> Session: Class initialized using 'CodeIgniter\Session\Handlers\FileHandler' driver.
DEBUG - 2025-04-14 09:32:41 --> Session: Class initialized using 'CodeIgniter\Session\Handlers\FileHandler' driver.
DEBUG - 2025-04-14 09:37:55 --> Session: Class initialized using 'CodeIgniter\Session\Handlers\FileHandler' driver.
DEBUG - 2025-04-14 09:41:19 --> Session: Class initialized using 'CodeIgniter\Session\Handlers\FileHandler' driver.
DEBUG - 2025-04-14 09:44:33 --> Session: Class initialized using 'CodeIgniter\Session\Handlers\FileHandler' driver.
DEBUG - 2025-04-14 09:45:06 --> Session: Class initialized using 'CodeIgniter\Session\Handlers\FileHandler' driver.
DEBUG - 2025-04-14 09:51:24 --> Session: Class initialized using 'CodeIgniter\Session\Handlers\FileHandler' driver.
DEBUG - 2025-04-14 09:51:40 --> Session: Class initialized using 'CodeIgniter\Session\Handlers\FileHandler' driver.
DEBUG - 2025-04-14 09:54:54 --> Received Data: Array
(
    [0] => Array
        (
            [firstname] => Lois
            [lastname] => Smith
            [middlename] => D
            [suffix] => 
            [contact_no] => 09323876554
            [birthdate] => 2025-04-14
            [birthplace] => Binan Laguna
            [citizenship] => Filipino
            [gender] => Male
            [civil_status] => Single
            [occupation] => Developer
            [religion] => Catholic
            [is_pwd] => 0
            [is_voter_of_barangay] => 0
            [is_family_head] => 1
            [household_name] => Smith
            [house_no] => 50
            [street] => Champaca Street
            [contact_name] => Jane Dane
            [emergency_contact_no] => 09323876554
            [contact_relationship] => Friend
            [status] => 1
        )

)

DEBUG - 2025-04-14 09:54:57 --> Session: Class initialized using 'CodeIgniter\Session\Handlers\FileHandler' driver.
DEBUG - 2025-04-14 09:55:36 --> Session: Class initialized using 'CodeIgniter\Session\Handlers\FileHandler' driver.
DEBUG - 2025-04-14 09:57:04 --> Session: Class initialized using 'CodeIgniter\Session\Handlers\FileHandler' driver.
DEBUG - 2025-04-14 09:57:48 --> Received Data: Array
(
    [0] => Array
        (
            [firstname] => Jane
            [lastname] => Doe
            [middlename] => B
            [suffix] => 
            [contact_no] => 09323876554
            [birthdate] => 2025-04-14
            [birthplace] => Binan Laguna
            [citizenship] => Filipino
            [gender] => Male
            [civil_status] => Single
            [occupation] => Developer
            [religion] => Catholic
            [is_pwd] => 0
            [is_voter_of_barangay] => 0
            [is_family_head] => 0
            [household_name] => Doe
            [house_no] => 43
            [street] => Pacita Avenue
            [contact_name] => John Doe
            [emergency_contact_no] => 093293742827
            [contact_relationship] => Friend
            [status] => 1
        )

)

